
Allocating common symbols
Common symbol       size              file

TCBLIST             0x4               src/kernel/rosa_ker.o
suspended_list      0x4               src/kernel/rosa_int.o
ready_list          0x4               src/kernel/rosa_int.o
EXECTASK            0x4               src/kernel/rosa_ker.o
tickCount           0x8               src/main.o

Discarded input sections

 .data          0x00000000        0x0 src/main.o
 COMMON         0x00000000        0x8 src/main.o
 .text          0x00000000        0x0 src/kernel/rosa_int.o
 .data          0x00000000        0x0 src/kernel/rosa_int.o
 .bss           0x00000000        0x0 src/kernel/rosa_int.o
 COMMON         0x00000000        0x8 src/kernel/rosa_int.o
 .text          0x00000000        0x0 src/kernel/rosa_int_asm.o
 .data          0x00000000        0x0 src/kernel/rosa_int_asm.o
 .bss           0x00000000        0x0 src/kernel/rosa_int_asm.o
 .data          0x00000000        0x0 src/kernel/rosa_ker.o
 .bss           0x00000000        0x0 src/kernel/rosa_ker.o
 .text.ROSA_delay
                0x00000000       0x58 src/kernel/rosa_ker.o
 .text.ROSA_delayUntil
                0x00000000       0x70 src/kernel/rosa_ker.o
 .text.ROSA_delayAbsolute
                0x00000000       0x48 src/kernel/rosa_ker.o
 .data          0x00000000        0x0 src/kernel/rosa_ker_asm.o
 .bss           0x00000000        0x0 src/kernel/rosa_ker_asm.o
 .text          0x00000000        0x0 src/kernel/rosa_scheduler.o
 .data          0x00000000        0x0 src/kernel/rosa_scheduler.o
 .bss           0x00000000        0x0 src/kernel/rosa_scheduler.o
 .data          0x00000000        0x0 src/kernel/rosa_tim.o
 .bss           0x00000000        0x0 src/kernel/rosa_tim.o
 .text.getTickCount
                0x00000000       0x18 src/kernel/rosa_tim.o
 .text          0x00000000        0x0 ../src/drivers/button.o
 .data          0x00000000        0x0 ../src/drivers/button.o
 .bss           0x00000000        0x0 ../src/drivers/button.o
 .text.isButton
                0x00000000       0x28 ../src/drivers/button.o
 .text.isJoystickUp
                0x00000000       0x18 ../src/drivers/button.o
 .text.isJoystickDown
                0x00000000       0x18 ../src/drivers/button.o
 .text.isJoystickLeft
                0x00000000       0x18 ../src/drivers/button.o
 .text.isJoystickRight
                0x00000000       0x18 ../src/drivers/button.o
 .text.isJoystickPressed
                0x00000000       0x18 ../src/drivers/button.o
 .text          0x00000000        0x0 ../src/drivers/delay.o
 .data          0x00000000        0x0 ../src/drivers/delay.o
 .bss           0x00000000        0x0 ../src/drivers/delay.o
 .text          0x00000000        0x0 ../src/drivers/gpio.o
 .data          0x00000000        0x0 ../src/drivers/gpio.o
 .bss           0x00000000        0x0 ../src/drivers/gpio.o
 .text.gpioToggle
                0x00000000       0x50 ../src/drivers/gpio.o
 .text.gpioGet  0x00000000       0x54 ../src/drivers/gpio.o
 .text          0x00000000        0x0 ../src/drivers/led.o
 .data          0x00000000        0x0 ../src/drivers/led.o
 .bss           0x00000000        0x0 ../src/drivers/led.o
 .text.ledToggle
                0x00000000       0x20 ../src/drivers/led.o
 .data          0x00000000        0x0 ../src/drivers/pot.o
 .bss           0x00000000        0x0 ../src/drivers/pot.o
 .text          0x00000000        0x0 ../src/drivers/usart.o
 .data          0x00000000        0x0 ../src/drivers/usart.o
 .bss           0x00000000        0x0 ../src/drivers/usart.o
 .rodata.usart_options
                0x00000000        0xc ../src/drivers/usart.o
 .text.usartWriteChar
                0x00000000       0x56 ../src/drivers/usart.o
 .text.usartWriteLine
                0x00000000       0x54 ../src/drivers/usart.o
 .rodata        0x00000000      0x108 ../src/drivers/usart.o
 .text.usartWriteValue
                0x00000000       0xb0 ../src/drivers/usart.o
 .text.usartWriteTcb
                0x00000000      0x374 ../src/drivers/usart.o
 .text.usartGetChar
                0x00000000       0x3e ../src/drivers/usart.o
 .text.usartGetLine
                0x00000000       0x9c ../src/drivers/usart.o
 .bss           0x00000000        0x0 ../src/kernel/rosa_tim_asm.o
 .text          0x00000000        0x0 ../src/cpu/startup/crt0.o
 .data          0x00000000        0x0 ../src/cpu/startup/crt0.o
 .bss           0x00000000        0x0 ../src/cpu/startup/crt0.o

Memory Configuration

Name             Origin             Length             Attributes
FLASH            0x80000000         0x00080000         axrl !w
INTRAM           0x00000004         0x0000fffc         axw !rl
USERPAGE         0x80800000         0x00000200
*default*        0x00000000         0xffffffff

Linker script and memory map

                0x00001000                _stack_size = 0x1000
LOAD src/main.o
LOAD src/kernel/rosa_int.o
LOAD src/kernel/rosa_int_asm.o
LOAD src/kernel/rosa_ker.o
LOAD src/kernel/rosa_ker_asm.o
LOAD src/kernel/rosa_scheduler.o
LOAD src/kernel/rosa_tim.o
START GROUP
END GROUP
LOAD ../src/drivers/button.o
LOAD ../src/drivers/delay.o
LOAD ../src/drivers/gpio.o
LOAD ../src/drivers/led.o
LOAD ../src/drivers/pot.o
LOAD ../src/drivers/usart.o
LOAD ../src/kernel/rosa_tim_asm.o
LOAD ../src/cpu/startup/crt0.o
LOAD c:/program files (x86)/atmel/studio/7.0/toolchain/avr32/avr32-gnu-toolchain/bin/../lib/gcc/avr32/4.4.7/ucr2\libgcc.a
LOAD c:/program files (x86)/atmel/studio/7.0/toolchain/avr32/avr32-gnu-toolchain/bin/../lib/gcc/avr32/4.4.7/../../../../avr32/lib/ucr2\libc.a
LOAD c:/program files (x86)/atmel/studio/7.0/toolchain/avr32/avr32-gnu-toolchain/bin/../lib/gcc/avr32/4.4.7/ucr2\libgcc.a
                0xffffffff                __max_heap_size__ = 0xffffffff
                [0xffffffff]                __heap_size__ = DEFINED (__heap_size__)?__heap_size__:__max_heap_size__
                [0x00001000]                __stack_size__ = DEFINED (__stack_size__)?__stack_size__:0x1000
                [0x00001000]                __appstack_size__ = DEFINED (__appstack_size__)?__appstack_size__:0x1000
                0x80000000                PROVIDE (__executable_start, 0x80000000)
                0x80000000                . = 0x80000000

.interp
 *(.interp)

.reset          0x80000000        0x8
 *(.reset)
 .reset         0x80000000        0x8 ../src/cpu/startup/crt0.o
                0x80000000                _start

.hash
 *(.hash)

.dynsym
 *(.dynsym)

.dynstr
 *(.dynstr)

.gnu.version
 *(.gnu.version)

.gnu.version_d
 *(.gnu.version_d)

.gnu.version_r
 *(.gnu.version_r)

.rel.init
 *(.rel.init)

.rela.init
 *(.rela.init)

.rel.text
 *(.rel.text .rel.text.* .rel.gnu.linkonce.t.*)

.rela.text
 *(.rela.text .rela.text.* .rela.gnu.linkonce.t.*)

.rel.fini
 *(.rel.fini)

.rela.fini
 *(.rela.fini)

.rel.rodata
 *(.rel.rodata .rel.rodata.* .rel.gnu.linkonce.r.*)

.rela.rodata
 *(.rela.rodata .rela.rodata.* .rela.gnu.linkonce.r.*)

.rel.data.rel.ro
 *(.rel.data.rel.ro*)

.rela.data.rel.ro
 *(.rel.data.rel.ro*)

.rel.data
 *(.rel.data .rel.data.* .rel.gnu.linkonce.d.*)

.rela.data
 *(.rela.data .rela.data.* .rela.gnu.linkonce.d.*)

.rel.tdata
 *(.rel.tdata .rel.tdata.* .rel.gnu.linkonce.td.*)

.rela.tdata
 *(.rela.tdata .rela.tdata.* .rela.gnu.linkonce.td.*)

.rel.tbss
 *(.rel.tbss .rel.tbss.* .rel.gnu.linkonce.tb.*)

.rela.tbss
 *(.rela.tbss .rela.tbss.* .rela.gnu.linkonce.tb.*)

.rel.ctors
 *(.rel.ctors)

.rela.ctors
 *(.rela.ctors)

.rel.dtors
 *(.rel.dtors)

.rela.dtors
 *(.rela.dtors)

.rel.got
 *(.rel.got)

.rela.got
 *(.rela.got)

.rel.bss
 *(.rel.bss .rel.bss.* .rel.gnu.linkonce.b.*)

.rela.bss
 *(.rela.bss .rela.bss.* .rela.gnu.linkonce.b.*)

.rel.plt
 *(.rel.plt)

.rela.plt
 *(.rela.plt)

.init
 *(.init)

.plt
 *(.plt)

.text           0x80000008      0xb24
 *(.text .stub .text.* .gnu.linkonce.t.*)
 .text          0x80000008       0x1c src/main.o
 .text.task1    0x80000024       0x30 src/main.o
                0x80000024                task1
 .text.task2    0x80000054       0x30 src/main.o
                0x80000054                task2
 .text.main     0x80000084       0x68 src/main.o
                0x80000084                main
 .text.ROSA_yieldFromISR
                0x800000ec       0x24 src/kernel/rosa_int.o
                0x800000ec                ROSA_yieldFromISR
 .text          0x80000110        0xc src/kernel/rosa_ker.o
 .text.ROSA_init
                0x8000011c       0x58 src/kernel/rosa_ker.o
                0x8000011c                ROSA_init
 .text.ROSA_tcbCreate
                0x80000174       0xb4 src/kernel/rosa_ker.o
                0x80000174                ROSA_tcbCreate
 .text.ROSA_tcbInstall
                0x80000228       0x74 src/kernel/rosa_ker.o
                0x80000228                ROSA_tcbInstall
 .text          0x8000029c       0xe0 src/kernel/rosa_ker_asm.o
                0x8000029c                ROSA_start
                0x800002d2                contextInit
                0x8000035e                ROSA_yield
 .text.scheduler
                0x8000037c        0xa src/kernel/rosa_scheduler.o
                0x8000037c                scheduler
 *fill*         0x80000386        0x2 d703d703
 .text          0x80000388       0x10 src/kernel/rosa_tim.o
 .text.timerISR
                0x80000398       0x34 src/kernel/rosa_tim.o
                0x80000398                timerISR
 .text.timerPeriodSet
                0x800003cc       0xa8 src/kernel/rosa_tim.o
                0x800003cc                timerPeriodSet
 .text.buttonInit
                0x80000474       0x28 ../src/drivers/button.o
                0x80000474                buttonInit
 .text.joystickInit
                0x8000049c       0x38 ../src/drivers/button.o
                0x8000049c                joystickInit
 .text.delay_ms
                0x800004d4       0x34 ../src/drivers/delay.o
                0x800004d4                delay_ms
 .text.gpioInit
                0x80000508       0xa8 ../src/drivers/gpio.o
                0x80000508                gpioInit
 .text.gpioClear
                0x800005b0       0x50 ../src/drivers/gpio.o
                0x800005b0                gpioClear
 .text.gpioSet  0x80000600       0x50 ../src/drivers/gpio.o
                0x80000600                gpioSet
 .text.ledInit  0x80000650       0x8c ../src/drivers/led.o
                0x80000650                ledInit
 .text.ledOn    0x800006dc       0x20 ../src/drivers/led.o
                0x800006dc                ledOn
 .text.ledOff   0x800006fc       0x20 ../src/drivers/led.o
                0x800006fc                ledOff
 .text          0x8000071c       0x48 ../src/drivers/pot.o
                0x8000071c                potInit
                0x8000074a                potGetValue
 .text.usartReset
                0x80000764       0x70 ../src/drivers/usart.o
                0x80000764                usartReset
 .text.usartSetBaudrate
                0x800007d4       0xfc ../src/drivers/usart.o
                0x800007d4                usartSetBaudrate
 .text.usartInit
                0x800008d0      0x124 ../src/drivers/usart.o
                0x800008d0                usartInit
 .text          0x800009f4       0xb8 ../src/kernel/rosa_tim_asm.o
                0x800009f4                timerInit
                0x80000a22                timerStart
                0x80000a22                timerReset
                0x80000a40                timerStop
                0x80000a52                timerRCSet
                0x80000a68                timerPrescaleSet
                0x80000a88                timerClearInterrupt
 .text._stext   0x80000aac       0x80 ../src/cpu/startup/crt0.o
                0x80000aac                _stext
 *(.text.*personality*)
 *(.gnu.warning)

.exception      0x80000c00      0x400
 .exception     0x80000c00      0x400 src/kernel/rosa_int_asm.o
                0x80000c00                _evba
                0x80000d48                interruptInit
                0x80000d66                interruptDisable
                0x80000d6a                interruptEnable
                0x80000d6e                isInterruptEnabled
                0x80000d7e                contextSaveFromISR
                0x80000db8                contextRestoreFromISR

.fini
 *(.fini)
                0x80001000                PROVIDE (__etext, .)
                0x80001000                PROVIDE (_etext, .)
                0x80001000                PROVIDE (etext, .)

.rodata         0x80001000       0x20
 *(.rodata .rodata.* .gnu.linkonce.r.*)
 .rodata.C.0.9379
                0x80001000       0x20 ../src/drivers/led.o

.rodata1
 *(.rodata1)

.eh_frame_hdr
 *(.eh_frame_hdr)

.eh_frame
 *(.eh_frame)

.gcc_except_table
 *(.gcc_except_table)
 *(.gcc_except_table.*)

.lalign         0x80001020        0x0
                0x80001020                . = ALIGN (0x8)
                0x80001020                PROVIDE (_data_lma, .)
                0x00000004                . = ORIGIN (INTRAM)

.dalign         0x00000004        0x4
                0x00000008                . = ALIGN (0x8)
 *fill*         0x00000004        0x4 
                0x00000008                PROVIDE (_data, .)

.eh_frame
 *(.eh_frame)

.gcc_except_table
 *(.gcc_except_table)
 *(.gcc_except_table.*)

.tdata
 *(.tdata .tdata.* .gnu.linkonce.td.*)

.tbss
 *(.tbss .tbss.* .gnu.linkonce.tb.*)
 *(.tcommon)
                0x00000008                PROVIDE (__preinit_array_start, ALIGN (0x4))

.preinit_array
 *(.preinit_array)
                0x00000008                PROVIDE (__preinit_array_end, .)
                0x00000008                PROVIDE (__init_array_start, .)

.init_array
 *(.init_array)
                0x00000008                PROVIDE (__init_array_end, .)
                0x00000008                PROVIDE (__fini_array_start, .)

.fini_array
 *(.fini_array)
                0x00000008                PROVIDE (__fini_array_end, .)

.ctors
 *crtbegin*.o(.ctors)
 *(EXCLUDE_FILE(*crtend*.o) .ctors)
 *(SORT(.ctors.*))
 *(.ctors)

.dtors
 *crtbegin*.o(.dtors)
 *(EXCLUDE_FILE(*crtend*.o) .dtors)
 *(SORT(.dtors.*))
 *(.dtors)

.jcr
 *(.jcr)

.data.rel.ro
 *(.data.rel.ro.local)
 *(.data.rel.ro*)

.dynamic
 *(.dynamic)

.got
 *(.got.plt)
 *(.got)

.ramtext
 *(.ramtext .ramtext.*)

.ddalign        0x00000008        0x0 load address 0x80001020
                0x00000008                . = ALIGN (0x8)

.data           0x00000008        0x8 load address 0x80001020
 *(.data .data.* .gnu.linkonce.d.*)
 .data          0x00000008        0x8 ../src/kernel/rosa_tim_asm.o
                0x00000008                timerRC
                0x0000000c                timerPrescale
 *(.gnu.linkonce.d.*personality*)

.data1
 *(.data1)

.balign         0x00000010        0x0 load address 0x80001028
                0x00000010                . = ALIGN (0x8)
                0x00000010                PROVIDE (_edata, .)
                0x00000010                PROVIDE (edata, .)
                0x00000010                __bss_start = .

.bss            0x00000010      0x2f0
 *(.dynbss)
 *(.bss .bss.* .gnu.linkonce.b.*)
 .bss           0x00000010      0x2e8 src/main.o
 *(COMMON)
 COMMON         0x000002f8        0x8 src/kernel/rosa_ker.o
                0x000002f8                TCBLIST
                0x000002fc                EXECTASK
                0x00000300                . = ALIGN (0x8)
                0x00000300                . = ALIGN (0x8)
                0x00000300                _end = .
                0x00000300                PROVIDE (end, .)
                0x00000300                __heap_start__ = ALIGN (0x8)

.heap           0x00000300     0xdd00
 *(.heap)
                0x0000dd00                . = (__heap_size__ == __max_heap_size__)?((((ORIGIN (INTRAM) + 0xfffc) - __stack_size__) - __appstack_size__) - ABSOLUTE (.)):__heap_size__
 *fill*         0x00000300     0xdd00 
                0x0000e000                __heap_end__ = .

.stab
 *(.stab)

.stabstr
 *(.stabstr)

.stab.excl
 *(.stab.excl)

.stab.exclstr
 *(.stab.exclstr)

.stab.index
 *(.stab.index)

.stab.indexstr
 *(.stab.indexstr)

.comment        0x00000000       0xbc
 *(.comment)
 .comment       0x00000000       0x30 src/main.o
                                 0x31 (size before relaxing)
 .comment       0x00000000       0x31 src/kernel/rosa_int.o
 .comment       0x00000000       0x31 src/kernel/rosa_ker.o
 .comment       0x00000000       0x31 src/kernel/rosa_scheduler.o
 .comment       0x00000000       0x31 src/kernel/rosa_tim.o
 .comment       0x00000030       0x1c ../src/drivers/button.o
 .comment       0x0000004c       0x1c ../src/drivers/delay.o
 .comment       0x00000068       0x1c ../src/drivers/gpio.o
 .comment       0x00000084       0x1c ../src/drivers/led.o
 .comment       0x000000a0       0x1c ../src/drivers/usart.o

.debug
 *(.debug)

.line
 *(.line)

.debug_srcinfo
 *(.debug_srcinfo)

.debug_sfnames
 *(.debug_sfnames)

.debug_aranges  0x00000000      0x278
 *(.debug_aranges)
 .debug_aranges
                0x00000000       0x30 src/main.o
 .debug_aranges
                0x00000030       0x20 src/kernel/rosa_int.o
 .debug_aranges
                0x00000050       0x20 src/kernel/rosa_int_asm.o
 .debug_aranges
                0x00000070       0x48 src/kernel/rosa_ker.o
 .debug_aranges
                0x000000b8       0x20 src/kernel/rosa_ker_asm.o
 .debug_aranges
                0x000000d8       0x20 src/kernel/rosa_scheduler.o
 .debug_aranges
                0x000000f8       0x30 src/kernel/rosa_tim.o
 .debug_aranges
                0x00000128       0x58 ../src/drivers/button.o
 .debug_aranges
                0x00000180       0x20 ../src/drivers/delay.o
 .debug_aranges
                0x000001a0       0x40 ../src/drivers/gpio.o
 .debug_aranges
                0x000001e0       0x38 ../src/drivers/led.o
 .debug_aranges
                0x00000218       0x60 ../src/drivers/usart.o

.debug_pubnames
                0x00000000      0x3ea
 *(.debug_pubnames)
 .debug_pubnames
                0x00000000       0x3d src/main.o
 .debug_pubnames
                0x0000003d       0x4a src/kernel/rosa_int.o
 .debug_pubnames
                0x00000087       0xca src/kernel/rosa_ker.o
 .debug_pubnames
                0x00000151       0x42 src/kernel/rosa_scheduler.o
 .debug_pubnames
                0x00000193       0x51 src/kernel/rosa_tim.o
 .debug_pubnames
                0x000001e4       0xa0 ../src/drivers/button.o
 .debug_pubnames
                0x00000284       0x1f ../src/drivers/delay.o
 .debug_pubnames
                0x000002a3       0x54 ../src/drivers/gpio.o
 .debug_pubnames
                0x000002f7       0x41 ../src/drivers/led.o
 .debug_pubnames
                0x00000338       0xb2 ../src/drivers/usart.o

.debug_info     0x00000000     0x49a1
 *(.debug_info .gnu.linkonce.wi.*)
 .debug_info    0x00000000      0x2d8 src/main.o
 .debug_info    0x000002d8      0x234 src/kernel/rosa_int.o
 .debug_info    0x0000050c       0x6a src/kernel/rosa_int_asm.o
 .debug_info    0x00000576     0x15dc src/kernel/rosa_ker.o
 .debug_info    0x00001b52       0x6a src/kernel/rosa_ker_asm.o
 .debug_info    0x00001bbc      0x234 src/kernel/rosa_scheduler.o
 .debug_info    0x00001df0      0xaba src/kernel/rosa_tim.o
 .debug_info    0x000028aa      0x114 ../src/drivers/button.o
 .debug_info    0x000029be       0x6d ../src/drivers/delay.o
 .debug_info    0x00002a2b      0x531 ../src/drivers/gpio.o
 .debug_info    0x00002f5c       0xfb ../src/drivers/led.o
 .debug_info    0x00003057     0x194a ../src/drivers/usart.o

.debug_abbrev   0x00000000      0xae5
 *(.debug_abbrev)
 .debug_abbrev  0x00000000      0x100 src/main.o
 .debug_abbrev  0x00000100       0xd3 src/kernel/rosa_int.o
 .debug_abbrev  0x000001d3       0x14 src/kernel/rosa_int_asm.o
 .debug_abbrev  0x000001e7      0x1d2 src/kernel/rosa_ker.o
 .debug_abbrev  0x000003b9       0x14 src/kernel/rosa_ker_asm.o
 .debug_abbrev  0x000003cd       0xd3 src/kernel/rosa_scheduler.o
 .debug_abbrev  0x000004a0      0x1a2 src/kernel/rosa_tim.o
 .debug_abbrev  0x00000642       0x89 ../src/drivers/button.o
 .debug_abbrev  0x000006cb       0x5d ../src/drivers/delay.o
 .debug_abbrev  0x00000728      0x111 ../src/drivers/gpio.o
 .debug_abbrev  0x00000839       0xa0 ../src/drivers/led.o
 .debug_abbrev  0x000008d9      0x20c ../src/drivers/usart.o

.debug_line     0x00000000     0x1e50
 *(.debug_line)
 .debug_line    0x00000000      0x36d src/main.o
 .debug_line    0x0000036d      0x590 src/kernel/rosa_int.o
 .debug_line    0x000008fd       0xc9 src/kernel/rosa_int_asm.o
 .debug_line    0x000009c6      0x685 src/kernel/rosa_ker.o
 .debug_line    0x0000104b       0xab src/kernel/rosa_ker_asm.o
 .debug_line    0x000010f6      0x587 src/kernel/rosa_scheduler.o
 .debug_line    0x0000167d      0x350 src/kernel/rosa_tim.o
 .debug_line    0x000019cd       0xc9 ../src/drivers/button.o
 .debug_line    0x00001a96       0x47 ../src/drivers/delay.o
 .debug_line    0x00001add       0xee ../src/drivers/gpio.o
 .debug_line    0x00001bcb       0x84 ../src/drivers/led.o
 .debug_line    0x00001c4f      0x201 ../src/drivers/usart.o

.debug_frame    0x00000000      0x528
 *(.debug_frame)
 .debug_frame   0x00000000       0x64 src/main.o
 .debug_frame   0x00000064       0x2c src/kernel/rosa_int.o
 .debug_frame   0x00000090       0xc4 src/kernel/rosa_ker.o
 .debug_frame   0x00000154       0x2c src/kernel/rosa_scheduler.o
 .debug_frame   0x00000180       0x64 src/kernel/rosa_tim.o
 .debug_frame   0x000001e4       0xf0 ../src/drivers/button.o
 .debug_frame   0x000002d4       0x2c ../src/drivers/delay.o
 .debug_frame   0x00000300       0x9c ../src/drivers/gpio.o
 .debug_frame   0x0000039c       0x80 ../src/drivers/led.o
 .debug_frame   0x0000041c      0x10c ../src/drivers/usart.o

.debug_str      0x00000000      0xc74
 *(.debug_str)
 .debug_str     0x00000000      0x1bb src/main.o
                                0x1fd (size before relaxing)
 .debug_str     0x000001bb       0x5b src/kernel/rosa_int.o
                                0x1bd (size before relaxing)
 .debug_str     0x00000216      0x48a src/kernel/rosa_ker.o
                                0x698 (size before relaxing)
 .debug_str     0x000006a0       0x29 src/kernel/rosa_scheduler.o
                                0x1bb (size before relaxing)
 .debug_str     0x000006c9      0x24e src/kernel/rosa_tim.o
                                0x32e (size before relaxing)
 .debug_str     0x00000917       0xa7 ../src/drivers/button.o
                                 0xc6 (size before relaxing)
 .debug_str     0x000009be       0x31 ../src/drivers/delay.o
                                 0x74 (size before relaxing)
 .debug_str     0x000009ef      0x16e ../src/drivers/gpio.o
                                0x1c0 (size before relaxing)
 .debug_str     0x00000b5d       0x3c ../src/drivers/led.o
                                 0x7f (size before relaxing)
 .debug_str     0x00000b99       0xdb ../src/drivers/usart.o
                                0x6e9 (size before relaxing)

.debug_loc      0x00000000      0x6e3
 *(.debug_loc)
 .debug_loc     0x00000000       0x81 src/main.o
 .debug_loc     0x00000081       0x2b src/kernel/rosa_int.o
 .debug_loc     0x000000ac      0x102 src/kernel/rosa_ker.o
 .debug_loc     0x000001ae       0x2b src/kernel/rosa_scheduler.o
 .debug_loc     0x000001d9       0x81 src/kernel/rosa_tim.o
 .debug_loc     0x0000025a      0x158 ../src/drivers/button.o
 .debug_loc     0x000003b2       0x2b ../src/drivers/delay.o
 .debug_loc     0x000003dd       0xd7 ../src/drivers/gpio.o
 .debug_loc     0x000004b4       0xac ../src/drivers/led.o
 .debug_loc     0x00000560      0x183 ../src/drivers/usart.o

.debug_macinfo  0x00000000   0x45abd6
 *(.debug_macinfo)
 .debug_macinfo
                0x00000000    0xdd7ec src/main.o
 .debug_macinfo
                0x000dd7ec    0xdfdd6 src/kernel/rosa_int.o
 .debug_macinfo
                0x001bd5c2    0xe0428 src/kernel/rosa_ker.o
 .debug_macinfo
                0x0029d9ea    0xdfdc2 src/kernel/rosa_scheduler.o
 .debug_macinfo
                0x0037d7ac    0xdd42a src/kernel/rosa_tim.o

.debug_weaknames
 *(.debug_weaknames)

.debug_funcnames
 *(.debug_funcnames)

.debug_typenames
 *(.debug_typenames)

.debug_varnames
 *(.debug_varnames)

.appstack       0x0000e000     0x1000
                0x0000e000                _appstack = .
 *(.appstack)
                0x00001000                . = __appstack_size__
 *fill*         0x0000e000     0x1000 
                0x0000f000                _eappstack = .

.stack          0x0000f000     0x1000
                0x0000f000                _stack = .
 *(.stack)
                0x00001000                . = __stack_size__
 *fill*         0x0000f000     0x1000 
                0x00010000                _estack = .

.userpage
 *(.userpage .userpage.*)

/DISCARD/
 *(.note.GNU-stack)
OUTPUT(ROSA.elf elf32-avr32)

.debug_ranges   0x00000000      0x1e8
 .debug_ranges  0x00000000       0x28 src/main.o
 .debug_ranges  0x00000028       0x18 src/kernel/rosa_int.o
 .debug_ranges  0x00000040       0x40 src/kernel/rosa_ker.o
 .debug_ranges  0x00000080       0x18 src/kernel/rosa_scheduler.o
 .debug_ranges  0x00000098       0x28 src/kernel/rosa_tim.o
 .debug_ranges  0x000000c0       0x50 ../src/drivers/button.o
 .debug_ranges  0x00000110       0x18 ../src/drivers/delay.o
 .debug_ranges  0x00000128       0x38 ../src/drivers/gpio.o
 .debug_ranges  0x00000160       0x30 ../src/drivers/led.o
 .debug_ranges  0x00000190       0x58 ../src/drivers/usart.o
