Archive member included because of file (symbol)

c:/program files (x86)/atmel/studio/7.0/toolchain/avr32/avr32-gnu-toolchain/bin/../lib/gcc/avr32/4.4.7/../../../../avr32/lib/ucr2\libc.a(lib_a-calloc.o)
                              src/kernel/rosa_task.o (calloc)
c:/program files (x86)/atmel/studio/7.0/toolchain/avr32/avr32-gnu-toolchain/bin/../lib/gcc/avr32/4.4.7/../../../../avr32/lib/ucr2\libc.a(lib_a-callocr.o)
                              c:/program files (x86)/atmel/studio/7.0/toolchain/avr32/avr32-gnu-toolchain/bin/../lib/gcc/avr32/4.4.7/../../../../avr32/lib/ucr2\libc.a(lib_a-calloc.o) (_calloc_r)
c:/program files (x86)/atmel/studio/7.0/toolchain/avr32/avr32-gnu-toolchain/bin/../lib/gcc/avr32/4.4.7/../../../../avr32/lib/ucr2\libc.a(lib_a-impure.o)
                              c:/program files (x86)/atmel/studio/7.0/toolchain/avr32/avr32-gnu-toolchain/bin/../lib/gcc/avr32/4.4.7/../../../../avr32/lib/ucr2\libc.a(lib_a-calloc.o) (_impure_ptr)
c:/program files (x86)/atmel/studio/7.0/toolchain/avr32/avr32-gnu-toolchain/bin/../lib/gcc/avr32/4.4.7/../../../../avr32/lib/ucr2\libc.a(lib_a-malloc.o)
                              src/kernel/semaphore.o (free)
c:/program files (x86)/atmel/studio/7.0/toolchain/avr32/avr32-gnu-toolchain/bin/../lib/gcc/avr32/4.4.7/../../../../avr32/lib/ucr2\libc.a(lib_a-mallocr.o)
                              c:/program files (x86)/atmel/studio/7.0/toolchain/avr32/avr32-gnu-toolchain/bin/../lib/gcc/avr32/4.4.7/../../../../avr32/lib/ucr2\libc.a(lib_a-callocr.o) (_malloc_r)
c:/program files (x86)/atmel/studio/7.0/toolchain/avr32/avr32-gnu-toolchain/bin/../lib/gcc/avr32/4.4.7/../../../../avr32/lib/ucr2\libc.a(lib_a-memset.o)
                              c:/program files (x86)/atmel/studio/7.0/toolchain/avr32/avr32-gnu-toolchain/bin/../lib/gcc/avr32/4.4.7/../../../../avr32/lib/ucr2\libc.a(lib_a-callocr.o) (memset)
c:/program files (x86)/atmel/studio/7.0/toolchain/avr32/avr32-gnu-toolchain/bin/../lib/gcc/avr32/4.4.7/../../../../avr32/lib/ucr2\libc.a(lib_a-mlock.o)
                              c:/program files (x86)/atmel/studio/7.0/toolchain/avr32/avr32-gnu-toolchain/bin/../lib/gcc/avr32/4.4.7/../../../../avr32/lib/ucr2\libc.a(lib_a-mallocr.o) (__malloc_lock)
c:/program files (x86)/atmel/studio/7.0/toolchain/avr32/avr32-gnu-toolchain/bin/../lib/gcc/avr32/4.4.7/../../../../avr32/lib/ucr2\libc.a(lib_a-printf.o)
                              src/kernel/doubly_linked_list.o (printf)
c:/program files (x86)/atmel/studio/7.0/toolchain/avr32/avr32-gnu-toolchain/bin/../lib/gcc/avr32/4.4.7/../../../../avr32/lib/ucr2\libc.a(lib_a-putchar.o)
                              src/kernel/doubly_linked_list.o (putchar)
c:/program files (x86)/atmel/studio/7.0/toolchain/avr32/avr32-gnu-toolchain/bin/../lib/gcc/avr32/4.4.7/../../../../avr32/lib/ucr2\libc.a(lib_a-sbrkr.o)
                              c:/program files (x86)/atmel/studio/7.0/toolchain/avr32/avr32-gnu-toolchain/bin/../lib/gcc/avr32/4.4.7/../../../../avr32/lib/ucr2\libc.a(lib_a-mallocr.o) (_sbrk_r)
c:/program files (x86)/atmel/studio/7.0/toolchain/avr32/avr32-gnu-toolchain/bin/../lib/gcc/avr32/4.4.7/../../../../avr32/lib/ucr2\libc.a(lib_a-syscalls.o)
                              c:/program files (x86)/atmel/studio/7.0/toolchain/avr32/avr32-gnu-toolchain/bin/../lib/gcc/avr32/4.4.7/../../../../avr32/lib/ucr2\libc.a(lib_a-sbrkr.o) (_sbrk)
c:/program files (x86)/atmel/studio/7.0/toolchain/avr32/avr32-gnu-toolchain/bin/../lib/gcc/avr32/4.4.7/../../../../avr32/lib/ucr2\libc.a(lib_a-vfprintf.o)
                              c:/program files (x86)/atmel/studio/7.0/toolchain/avr32/avr32-gnu-toolchain/bin/../lib/gcc/avr32/4.4.7/../../../../avr32/lib/ucr2\libc.a(lib_a-printf.o) (_vfprintf_r)
c:/program files (x86)/atmel/studio/7.0/toolchain/avr32/avr32-gnu-toolchain/bin/../lib/gcc/avr32/4.4.7/../../../../avr32/lib/ucr2\libc.a(lib_a-wsetup.o)
                              c:/program files (x86)/atmel/studio/7.0/toolchain/avr32/avr32-gnu-toolchain/bin/../lib/gcc/avr32/4.4.7/../../../../avr32/lib/ucr2\libc.a(lib_a-vfprintf.o) (__swsetup_r)
c:/program files (x86)/atmel/studio/7.0/toolchain/avr32/avr32-gnu-toolchain/bin/../lib/gcc/avr32/4.4.7/../../../../avr32/lib/ucr2\libc.a(lib_a-dtoa.o)
                              c:/program files (x86)/atmel/studio/7.0/toolchain/avr32/avr32-gnu-toolchain/bin/../lib/gcc/avr32/4.4.7/../../../../avr32/lib/ucr2\libc.a(lib_a-vfprintf.o) (_dtoa_r)
c:/program files (x86)/atmel/studio/7.0/toolchain/avr32/avr32-gnu-toolchain/bin/../lib/gcc/avr32/4.4.7/../../../../avr32/lib/ucr2\libc.a(lib_a-errno.o)
                              c:/program files (x86)/atmel/studio/7.0/toolchain/avr32/avr32-gnu-toolchain/bin/../lib/gcc/avr32/4.4.7/../../../../avr32/lib/ucr2\libc.a(lib_a-syscalls.o) (__errno)
c:/program files (x86)/atmel/studio/7.0/toolchain/avr32/avr32-gnu-toolchain/bin/../lib/gcc/avr32/4.4.7/../../../../avr32/lib/ucr2\libc.a(lib_a-fflush.o)
[...]
Memory Configuration

Name             Origin             Length             Attributes
FLASH            0x80000000         0x00080000         axrl !w
INTRAM           0x00000004         0x0000fffc         axw !rl
USERPAGE         0x80800000         0x00000200
*default*        0x00000000         0xffffffff

Linker script and memory map

                0x00001000                _stack_size = 0x1000
LOAD src/kernel/doubly_linked_list.o
LOAD src/kernel/queue.o
LOAD src/kernel/rosa_task.o
LOAD src/kernel/semaphore.o
LOAD src/main.o
LOAD src/kernel/rosa_int.o
LOAD src/kernel/rosa_int_asm.o
LOAD src/kernel/rosa_ker.o
LOAD src/kernel/rosa_ker_asm.o
LOAD src/kernel/rosa_scheduler.o
LOAD src/kernel/rosa_tim.o
START GROUP
END GROUP
LOAD ../src/drivers/button.o
LOAD ../src/drivers/delay.o
LOAD ../src/drivers/gpio.o
LOAD ../src/drivers/led.o
LOAD ../src/drivers/pot.o
LOAD ../src/drivers/usart.o
LOAD ../src/kernel/rosa_tim_asm.o
LOAD ../src/cpu/startup/crt0.o
LOAD c:/program files (x86)/atmel/studio/7.0/toolchain/avr32/avr32-gnu-toolchain/bin/../lib/gcc/avr32/4.4.7/ucr2\libgcc.a
LOAD c:/program files (x86)/atmel/studio/7.0/toolchain/avr32/avr32-gnu-toolchain/bin/../lib/gcc/avr32/4.4.7/../../../../avr32/lib/ucr2\libc.a
LOAD c:/program files (x86)/atmel/studio/7.0/toolchain/avr32/avr32-gnu-toolchain/bin/../lib/gcc/avr32/4.4.7/ucr2\libgcc.a
                0xffffffff                __max_heap_size__ = 0xffffffff
                [0xffffffff]                __heap_size__ = DEFINED (__heap_size__)?__heap_size__:__max_heap_size__
                [0x00001000]                __stack_size__ = DEFINED (__stack_size__)?__stack_size__:0x1000
                [0x00001000]                __appstack_size__ = DEFINED (__appstack_size__)?__appstack_size__:0x1000
                0x80000000                PROVIDE (__executable_start, 0x80000000)
                0x80000000                . = 0x80000000

.interp
 *(.interp)

.reset          0x80000000        0x8
 *(.reset)
 .reset         0x80000000        0x8 ../src/cpu/startup/crt0.o
                0x80000000                _start

.hash
 *(.hash)

.dynsym
 *(.dynsym)

.dynstr
 *(.dynstr)

.gnu.version
 *(.gnu.version)

.gnu.version_d
 *(.gnu.version_d)

.gnu.version_r
 *(.gnu.version_r)

.rel.init
 *(.rel.init)

.rela.init
 *(.rela.init)

.rel.text
 *(.rel.text .rel.text.* .rel.gnu.linkonce.t.*)

.rela.text
 *(.rela.text .rela.text.* .rela.gnu.linkonce.t.*)

.rel.fini
 *(.rel.fini)

.rela.fini
 *(.rela.fini)

.rel.rodata
 *(.rel.rodata .rel.rodata.* .rel.gnu.linkonce.r.*)

.rela.rodata
 *(.rela.rodata .rela.rodata.* .rela.gnu.linkonce.r.*)

.rel.data.rel.ro
 *(.rel.data.rel.ro*)

.rela.data.rel.ro
 *(.rel.data.rel.ro*)

.rel.data
 *(.rel.data .rel.data.* .rel.gnu.linkonce.d.*)

.rela.data
 *(.rela.data .rela.data.* .rela.gnu.linkonce.d.*)

.rel.tdata
 *(.rel.tdata .rel.tdata.* .rel.gnu.linkonce.td.*)

.rela.tdata
 *(.rela.tdata .rela.tdata.* .rela.gnu.linkonce.td.*)

.rel.tbss
 *(.rel.tbss .rel.tbss.* .rel.gnu.linkonce.tb.*)

.rela.tbss
 *(.rela.tbss .rela.tbss.* .rela.gnu.linkonce.tb.*)

.rel.ctors
 *(.rel.ctors)

.rela.ctors
 *(.rela.ctors)

.rel.dtors
 *(.rel.dtors)

.rela.dtors
 *(.rela.dtors)

.rel.got
 *(.rel.got)

.rela.got       0x80000008        0x0
 *(.rela.got)
 .rela.got      0x80000008        0x0 c:/program files (x86)/atmel/studio/7.0/toolchain/avr32/avr32-gnu-toolchain/bin/../lib/gcc/avr32/4.4.7/../../../../avr32/lib/ucr2\libc.a(lib_a-impure.o)

.rel.bss
 *(.rel.bss .rel.bss.* .rel.gnu.linkonce.b.*)

.rela.bss
 *(.rela.bss .rela.bss.* .rela.gnu.linkonce.b.*)

.rel.plt
 *(.rel.plt)

.rela.plt
 *(.rela.plt)

.init
 *(.init)

.plt
 *(.plt)

.text           0x80000008     0x15e4
 *(.text .stub .text.* .gnu.linkonce.t.*)
 .text.insert_at_head
                0x80000008       0x74 src/kernel/doubly_linked_list.o
                0x80000008                insert_at_head
 .text.insert_at_tail
                0x8000007c       0x70 src/kernel/doubly_linked_list.o
                0x8000007c                insert_at_tail
 .text.insert_after
                0x800000ec       0x5a src/kernel/doubly_linked_list.o
                0x800000ec                insert_after
 *fill*         0x80000146        0x2 d703d703
 .text.insert_by_priority
                0x80000148       0xf0 src/kernel/doubly_linked_list.o
                0x80000148                insert_by_priority
 .text.remove_tcb
                0x80000238       0x6c src/kernel/doubly_linked_list.o
                0x80000238                remove_tcb
 .text          0x800002a4       0x1c src/main.o
 .text.task1    0x800002c0       0x30 src/main.o
                0x800002c0                task1
 .text.task2    0x800002f0       0x30 src/main.o
                0x800002f0                task2
 .text.main     0x80000320       0x68 src/main.o
                0x80000320                main
 .text.ROSA_yieldFromISR
                0x80000388       0x40 src/kernel/rosa_int.o
                0x80000388                ROSA_yieldFromISR
 .text          0x800003c8        0xc src/kernel/rosa_ker.o
 .text.ROSA_init
                0x800003d4       0x94 src/kernel/rosa_ker.o
                0x800003d4                ROSA_init
 .text.ROSA_tcbCreate
                0x80000468       0xb4 src/kernel/rosa_ker.o
                0x80000468                ROSA_tcbCreate
 .text.ROSA_tcbInstall
                0x8000051c       0x28 src/kernel/rosa_ker.o
                0x8000051c                ROSA_tcbInstall
 .text          0x80000544       0xe0 src/kernel/rosa_ker_asm.o
                0x80000544                ROSA_start
                0x8000057a                contextInit
                0x80000606                ROSA_yield
 .text.scheduler
                0x80000624       0x74 src/kernel/rosa_scheduler.o
                0x80000624                scheduler
 .text          0x80000698       0x10 src/kernel/rosa_tim.o
 .text.timerISR
                0x800006a8       0x34 src/kernel/rosa_tim.o
                0x800006a8                timerISR
 .text.timerPeriodSet
                0x800006dc       0xa8 src/kernel/rosa_tim.o
                0x800006dc                timerPeriodSet
 .text.ROSA_getTickCount
                0x80000784       0x18 src/kernel/rosa_tim.o
                0x80000784                ROSA_getTickCount
 .text.buttonInit
                0x8000079c       0x28 ../src/drivers/button.o
                0x8000079c                buttonInit
 .text.joystickInit
                0x800007c4       0x38 ../src/drivers/button.o
                0x800007c4                joystickInit
 .text.delay_ms
                0x800007fc       0x34 ../src/drivers/delay.o
                0x800007fc                delay_ms
 .text.gpioInit
                0x80000830       0xa8 ../src/drivers/gpio.o
                0x80000830                gpioInit
 .text.gpioClear
                0x800008d8       0x50 ../src/drivers/gpio.o
                0x800008d8                gpioClear
 .text.gpioSet  0x80000928       0x50 ../src/drivers/gpio.o
                0x80000928                gpioSet
 .text.ledInit  0x80000978       0x8c ../src/drivers/led.o
                0x80000978                ledInit
 .text.ledOn    0x80000a04       0x20 ../src/drivers/led.o
                0x80000a04                ledOn
 .text.ledOff   0x80000a24       0x20 ../src/drivers/led.o
                0x80000a24                ledOff
 .text          0x80000a44       0x48 ../src/drivers/pot.o
                0x80000a44                potInit
                0x80000a72                potGetValue
 .text.usartReset
                0x80000a8c       0x70 ../src/drivers/usart.o
                0x80000a8c                usartReset
 .text.usartSetBaudrate
                0x80000afc       0xfc ../src/drivers/usart.o
                0x80000afc                usartSetBaudrate
 .text.usartInit
                0x80000bf8      0x124 ../src/drivers/usart.o
                0x80000bf8                usartInit
 .text          0x80000d1c       0xb8 ../src/kernel/rosa_tim_asm.o
                0x80000d1c                timerInit
                0x80000d4a                timerStart
                0x80000d4a                timerReset
                0x80000d68                timerStop
                0x80000d7a                timerRCSet
                0x80000d90                timerPrescaleSet
                0x80000db0                timerClearInterrupt
 .text._stext   0x80000dd4       0x80 ../src/cpu/startup/crt0.o
                0x80000dd4                _stext
 .text.calloc   0x80000e54       0x18 c:/program files (x86)/atmel/studio/7.0/toolchain/avr32/avr32-gnu-toolchain/bin/../lib/gcc/avr32/4.4.7/../../../../avr32/lib/ucr2\libc.a(lib_a-calloc.o)
                0x80000e54                calloc
 .text._calloc_r
                0x80000e6c       0x60 c:/program files (x86)/atmel/studio/7.0/toolchain/avr32/avr32-gnu-toolchain/bin/../lib/gcc/avr32/4.4.7/../../../../avr32/lib/ucr2\libc.a(lib_a-callocr.o)
                0x80000e6c                _calloc_r
 .text._malloc_r
                0x80000ecc      0x450 c:/program files (x86)/atmel/studio/7.0/toolchain/avr32/avr32-gnu-toolchain/bin/../lib/gcc/avr32/4.4.7/../../../../avr32/lib/ucr2\libc.a(lib_a-mallocr.o)
                0x80000ecc                _malloc_r
 .text.memset   0x8000131c        0xe c:/program files (x86)/atmel/studio/7.0/toolchain/avr32/avr32-gnu-toolchain/bin/../lib/gcc/avr32/4.4.7/../../../../avr32/lib/ucr2\libc.a(lib_a-memset.o)
                0x8000131c                memset
 .text.__malloc_lock
                0x8000132a        0x2 c:/program files (x86)/atmel/studio/7.0/toolchain/avr32/avr32-gnu-toolchain/bin/../lib/gcc/avr32/4.4.7/../../../../avr32/lib/ucr2\libc.a(lib_a-mlock.o)
                0x8000132a                __malloc_lock
 .text.__malloc_unlock
                0x8000132c        0x2 c:/program files (x86)/atmel/studio/7.0/toolchain/avr32/avr32-gnu-toolchain/bin/../lib/gcc/avr32/4.4.7/../../../../avr32/lib/ucr2\libc.a(lib_a-mlock.o)
                0x8000132c                __malloc_unlock
 *fill*         0x8000132e        0x2 d703d703
 .text._sbrk_r  0x80001330       0x28 c:/program files (x86)/atmel/studio/7.0/toolchain/avr32/avr32-gnu-toolchain/bin/../lib/gcc/avr32/4.4.7/../../../../avr32/lib/ucr2\libc.a(lib_a-sbrkr.o)
                0x80001330                _sbrk_r
 .text._sbrk    0x80001358       0x40 c:/program files (x86)/atmel/studio/7.0/toolchain/avr32/avr32-gnu-toolchain/bin/../lib/gcc/avr32/4.4.7/../../../../avr32/lib/ucr2\libc.a(lib_a-syscalls.o)
                0x80001358                _sbrk
 .text.__errno  0x80001398        0xc c:/program files (x86)/atmel/studio/7.0/toolchain/avr32/avr32-gnu-toolchain/bin/../lib/gcc/avr32/4.4.7/../../../../avr32/lib/ucr2\libc.a(lib_a-errno.o)
                0x80001398                __errno
 .text._malloc_trim_r
                0x800013a4       0xa8 c:/program files (x86)/atmel/studio/7.0/toolchain/avr32/avr32-gnu-toolchain/bin/../lib/gcc/avr32/4.4.7/../../../../avr32/lib/ucr2\libc.a(lib_a-freer.o)
                0x800013a4                _malloc_trim_r
 .text._free_r  0x8000144c      0x1a0 c:/program files (x86)/atmel/studio/7.0/toolchain/avr32/avr32-gnu-toolchain/bin/../lib/gcc/avr32/4.4.7/../../../../avr32/lib/ucr2\libc.a(lib_a-freer.o)
                0x8000144c                _free_r
 *(.text.*personality*)
 *(.gnu.warning)

.exception      0x80001600      0x400
 .exception     0x80001600      0x400 src/kernel/rosa_int_asm.o
                0x80001600                _evba
                0x80001748                interruptInit
                0x80001766                interruptDisable
                0x8000176a                interruptEnable
                0x8000176e                isInterruptEnabled
                0x8000177e                contextSaveFromISR
                0x800017b8                contextRestoreFromISR

.fini
 *(.fini)
                0x80001a00                PROVIDE (__etext, .)
                0x80001a00                PROVIDE (_etext, .)
                0x80001a00                PROVIDE (etext, .)

.rodata         0x80001a00       0x84
 *(.rodata .rodata.* .gnu.linkonce.r.*)
 .rodata.C.0.9379
                0x80001a00       0x20 ../src/drivers/led.o
 .rodata.str1.4
                0x80001a20        0x4 c:/program files (x86)/atmel/studio/7.0/toolchain/avr32/avr32-gnu-toolchain/bin/../lib/gcc/avr32/4.4.7/../../../../avr32/lib/ucr2\libc.a(lib_a-impure.o)
 .rodata.__sf_fake_stdin
                0x80001a24       0x20 c:/program files (x86)/atmel/studio/7.0/toolchain/avr32/avr32-gnu-toolchain/bin/../lib/gcc/avr32/4.4.7/../../../../avr32/lib/ucr2\libc.a(lib_a-findfp.o)
                0x80001a24                __sf_fake_stdin
 .rodata.__sf_fake_stdout
                0x80001a44       0x20 c:/program files (x86)/atmel/studio/7.0/toolchain/avr32/avr32-gnu-toolchain/bin/../lib/gcc/avr32/4.4.7/../../../../avr32/lib/ucr2\libc.a(lib_a-findfp.o)
                0x80001a44                __sf_fake_stdout
 .rodata.__sf_fake_stderr
                0x80001a64       0x20 c:/program files (x86)/atmel/studio/7.0/toolchain/avr32/avr32-gnu-toolchain/bin/../lib/gcc/avr32/4.4.7/../../../../avr32/lib/ucr2\libc.a(lib_a-findfp.o)
                0x80001a64                __sf_fake_stderr

.rodata1
 *(.rodata1)

.eh_frame_hdr
 *(.eh_frame_hdr)

.eh_frame
 *(.eh_frame)

.gcc_except_table
 *(.gcc_except_table)
 *(.gcc_except_table.*)

.lalign         0x80001a84        0x4
                0x80001a88                . = ALIGN (0x8)
 *fill*         0x80001a84        0x4 
                0x80001a88                PROVIDE (_data_lma, .)
                0x00000004                . = ORIGIN (INTRAM)

.dalign         0x00000004        0x4
                0x00000008                . = ALIGN (0x8)
 *fill*         0x00000004        0x4 
                0x00000008                PROVIDE (_data, .)

.eh_frame
 *(.eh_frame)

.gcc_except_table
 *(.gcc_except_table)
 *(.gcc_except_table.*)

.tdata
 *(.tdata .tdata.* .gnu.linkonce.td.*)

.tbss
 *(.tbss .tbss.* .gnu.linkonce.tb.*)
 *(.tcommon)
                0x00000008                PROVIDE (__preinit_array_start, ALIGN (0x4))

.preinit_array
 *(.preinit_array)
                0x00000008                PROVIDE (__preinit_array_end, .)
                0x00000008                PROVIDE (__init_array_start, .)

.init_array
 *(.init_array)
                0x00000008                PROVIDE (__init_array_end, .)
                0x00000008                PROVIDE (__fini_array_start, .)

.fini_array
 *(.fini_array)
                0x00000008                PROVIDE (__fini_array_end, .)

.ctors
 *crtbegin*.o(.ctors)
 *(EXCLUDE_FILE(*crtend*.o) .ctors)
 *(SORT(.ctors.*))
 *(.ctors)

.dtors
 *crtbegin*.o(.dtors)
 *(EXCLUDE_FILE(*crtend*.o) .dtors)
 *(SORT(.dtors.*))
 *(.dtors)

.jcr
 *(.jcr)

.data.rel.ro
 *(.data.rel.ro.local)
 *(.data.rel.ro*)

.dynamic
 *(.dynamic)

.got
 *(.got.plt)
 *(.got)

.ramtext
 *(.ramtext .ramtext.*)

.ddalign        0x00000008        0x0 load address 0x80001a88
                0x00000008                . = ALIGN (0x8)

.data           0x00000008      0x50c load address 0x80001a88
 *(.data .data.* .gnu.linkonce.d.*)
 .data          0x00000008        0x8 ../src/kernel/rosa_tim_asm.o
                0x00000008                timerRC
                0x0000000c                timerPrescale
 .data.impure_data
                0x00000010       0xf0 c:/program files (x86)/atmel/studio/7.0/toolchain/avr32/avr32-gnu-toolchain/bin/../lib/gcc/avr32/4.4.7/../../../../avr32/lib/ucr2\libc.a(lib_a-impure.o)
 .data._impure_ptr
                0x00000100        0x4 c:/program files (x86)/atmel/studio/7.0/toolchain/avr32/avr32-gnu-toolchain/bin/../lib/gcc/avr32/4.4.7/../../../../avr32/lib/ucr2\libc.a(lib_a-impure.o)
                0x00000100                _impure_ptr
 .data.__malloc_av_
                0x00000104      0x408 c:/program files (x86)/atmel/studio/7.0/toolchain/avr32/avr32-gnu-toolchain/bin/../lib/gcc/avr32/4.4.7/../../../../avr32/lib/ucr2\libc.a(lib_a-mallocr.o)
                0x00000104                __malloc_av_
 .data.__malloc_trim_threshold
                0x0000050c        0x4 c:/program files (x86)/atmel/studio/7.0/toolchain/avr32/avr32-gnu-toolchain/bin/../lib/gcc/avr32/4.4.7/../../../../avr32/lib/ucr2\libc.a(lib_a-mallocr.o)
                0x0000050c                __malloc_trim_threshold
 .data.__malloc_sbrk_base
                0x00000510        0x4 c:/program files (x86)/atmel/studio/7.0/toolchain/avr32/avr32-gnu-toolchain/bin/../lib/gcc/avr32/4.4.7/../../../../avr32/lib/ucr2\libc.a(lib_a-mallocr.o)
                0x00000510                __malloc_sbrk_base
 *(.gnu.linkonce.d.*personality*)

.data1
 *(.data1)

.balign         0x00000514        0x4 load address 0x80001f94
                0x00000518                . = ALIGN (0x8)
 *fill*         0x00000514        0x4 
                0x00000518                PROVIDE (_edata, .)
                0x00000518                PROVIDE (edata, .)
                0x00000518                __bss_start = .

.bss            0x00000518      0x340
 *(.dynbss)
 *(.bss .bss.* .gnu.linkonce.b.*)
 .bss           0x00000518      0x2e8 src/main.o
 .bss.__malloc_max_total_mem
                0x00000800        0x4 c:/program files (x86)/atmel/studio/7.0/toolchain/avr32/avr32-gnu-toolchain/bin/../lib/gcc/avr32/4.4.7/../../../../avr32/lib/ucr2\libc.a(lib_a-mallocr.o)
                0x00000800                __malloc_max_total_mem
 .bss.__malloc_max_sbrked_mem
                0x00000804        0x4 c:/program files (x86)/atmel/studio/7.0/toolchain/avr32/avr32-gnu-toolchain/bin/../lib/gcc/avr32/4.4.7/../../../../avr32/lib/ucr2\libc.a(lib_a-mallocr.o)
                0x00000804                __malloc_max_sbrked_mem
 .bss.__malloc_top_pad
                0x00000808        0x4 c:/program files (x86)/atmel/studio/7.0/toolchain/avr32/avr32-gnu-toolchain/bin/../lib/gcc/avr32/4.4.7/../../../../avr32/lib/ucr2\libc.a(lib_a-mallocr.o)
                0x00000808                __malloc_top_pad
 .bss.__malloc_current_mallinfo
                0x0000080c       0x28 c:/program files (x86)/atmel/studio/7.0/toolchain/avr32/avr32-gnu-toolchain/bin/../lib/gcc/avr32/4.4.7/../../../../avr32/lib/ucr2\libc.a(lib_a-mallocr.o)
                0x0000080c                __malloc_current_mallinfo
 .bss.cur_heap_pos.1869
                0x00000834        0x4 c:/program files (x86)/atmel/studio/7.0/toolchain/avr32/avr32-gnu-toolchain/bin/../lib/gcc/avr32/4.4.7/../../../../avr32/lib/ucr2\libc.a(lib_a-syscalls.o)
 *(COMMON)
 COMMON         0x00000838       0x10 src/kernel/semaphore.o
                0x00000838                suspended_list
                0x0000083c                ready_list
                0x00000840                tickCount
 COMMON         0x00000848        0x8 src/kernel/rosa_ker.o
                0x00000848                TCBLIST
                0x0000084c                EXECTASK
 COMMON         0x00000850        0x4 c:/program files (x86)/atmel/studio/7.0/toolchain/avr32/avr32-gnu-toolchain/bin/../lib/gcc/avr32/4.4.7/../../../../avr32/lib/ucr2\libc.a(lib_a-reent.o)
                0x00000850                errno
                0x00000858                . = ALIGN (0x8)
 *fill*         0x00000854        0x4 
                0x00000858                . = ALIGN (0x8)
                0x00000858                _end = .
                0x00000858                PROVIDE (end, .)
                0x00000858                __heap_start__ = ALIGN (0x8)

.heap           0x00000858     0xd7a8
 *(.heap)
                0x0000d7a8                . = (__heap_size__ == __max_heap_size__)?((((ORIGIN (INTRAM) + 0xfffc) - __stack_size__) - __appstack_size__) - ABSOLUTE (.)):__heap_size__
 *fill*         0x00000858     0xd7a8 
                0x0000e000                __heap_end__ = .

.stab
 *(.stab)

.stabstr
 *(.stabstr)

.stab.excl
 *(.stab.excl)

.stab.exclstr
 *(.stab.exclstr)

.stab.index
 *(.stab.index)

.stab.indexstr
 *(.stab.indexstr)

.comment        0x00000000       0xbc
 *(.comment)
 .comment       0x00000000       0x30 src/kernel/doubly_linked_list.o
                                 0x31 (size before relaxing)
 .comment       0x00000000       0x31 src/kernel/semaphore.o
 .comment       0x00000000       0x31 src/main.o
 .comment       0x00000000       0x31 src/kernel/rosa_int.o
 .comment       0x00000000       0x31 src/kernel/rosa_ker.o
 .comment       0x00000000       0x31 src/kernel/rosa_scheduler.o
 .comment       0x00000000       0x31 src/kernel/rosa_tim.o
 .comment       0x00000030       0x1c ../src/drivers/button.o
 .comment       0x0000004c       0x1c ../src/drivers/delay.o
 .comment       0x00000068       0x1c ../src/drivers/gpio.o
 .comment       0x00000084       0x1c ../src/drivers/led.o
 .comment       0x000000a0       0x1c ../src/drivers/usart.o
 .comment       0x00000000       0x31 c:/program files (x86)/atmel/studio/7.0/toolchain/avr32/avr32-gnu-toolchain/bin/../lib/gcc/avr32/4.4.7/../../../../avr32/lib/ucr2\libc.a(lib_a-calloc.o)
 .comment       0x00000000       0x31 c:/program files (x86)/atmel/studio/7.0/toolchain/avr32/avr32-gnu-toolchain/bin/../lib/gcc/avr32/4.4.7/../../../../avr32/lib/ucr2\libc.a(lib_a-callocr.o)
 .comment       0x00000000       0x31 c:/program files (x86)/atmel/studio/7.0/toolchain/avr32/avr32-gnu-toolchain/bin/../lib/gcc/avr32/4.4.7/../../../../avr32/lib/ucr2\libc.a(lib_a-impure.o)
 .comment       0x00000000       0x31 c:/program files (x86)/atmel/studio/7.0/toolchain/avr32/avr32-gnu-toolchain/bin/../lib/gcc/avr32/4.4.7/../../../../avr32/lib/ucr2\libc.a(lib_a-mallocr.o)
 .comment       0x00000000       0x31 c:/program files (x86)/atmel/studio/7.0/toolchain/avr32/avr32-gnu-toolchain/bin/../lib/gcc/avr32/4.4.7/../../../../avr32/lib/ucr2\libc.a(lib_a-memset.o)
 .comment       0x00000000       0x31 c:/program files (x86)/atmel/studio/7.0/toolchain/avr32/avr32-gnu-toolchain/bin/../lib/gcc/avr32/4.4.7/../../../../avr32/lib/ucr2\libc.a(lib_a-mlock.o)
 .comment       0x00000000       0x31 c:/program files (x86)/atmel/studio/7.0/toolchain/avr32/avr32-gnu-toolchain/bin/../lib/gcc/avr32/4.4.7/../../../../avr32/lib/ucr2\libc.a(lib_a-sbrkr.o)
 .comment       0x00000000       0x31 c:/program files (x86)/atmel/studio/7.0/toolchain/avr32/avr32-gnu-toolchain/bin/../lib/gcc/avr32/4.4.7/../../../../avr32/lib/ucr2\libc.a(lib_a-syscalls.o)
 .comment       0x00000000       0x31 c:/program files (x86)/atmel/studio/7.0/toolchain/avr32/avr32-gnu-toolchain/bin/../lib/gcc/avr32/4.4.7/../../../../avr32/lib/ucr2\libc.a(lib_a-errno.o)
 .comment       0x00000000       0x31 c:/program files (x86)/atmel/studio/7.0/toolchain/avr32/avr32-gnu-toolchain/bin/../lib/gcc/avr32/4.4.7/../../../../avr32/lib/ucr2\libc.a(lib_a-findfp.o)
 .comment       0x00000000       0x31 c:/program files (x86)/atmel/studio/7.0/toolchain/avr32/avr32-gnu-toolchain/bin/../lib/gcc/avr32/4.4.7/../../../../avr32/lib/ucr2\libc.a(lib_a-freer.o)
 .comment       0x00000000       0x31 c:/program files (x86)/atmel/studio/7.0/toolchain/avr32/avr32-gnu-toolchain/bin/../lib/gcc/avr32/4.4.7/../../../../avr32/lib/ucr2\libc.a(lib_a-reent.o)

.debug
 *(.debug)

.line
 *(.line)

.debug_srcinfo
 *(.debug_srcinfo)

.debug_sfnames
 *(.debug_sfnames)

.debug_aranges  0x00000000      0x5c0
 *(.debug_aranges)
 .debug_aranges
                0x00000000       0x50 src/kernel/doubly_linked_list.o
 .debug_aranges
                0x00000050       0x40 src/kernel/semaphore.o
 .debug_aranges
                0x00000090       0x30 src/main.o
 .debug_aranges
                0x000000c0       0x20 src/kernel/rosa_int.o
 .debug_aranges
                0x000000e0       0x20 src/kernel/rosa_int_asm.o
 .debug_aranges
                0x00000100       0x48 src/kernel/rosa_ker.o
 .debug_aranges
                0x00000148       0x20 src/kernel/rosa_ker_asm.o
 .debug_aranges
                0x00000168       0x20 src/kernel/rosa_scheduler.o
 .debug_aranges
                0x00000188       0x30 src/kernel/rosa_tim.o
 .debug_aranges
                0x000001b8       0x58 ../src/drivers/button.o
 .debug_aranges
                0x00000210       0x20 ../src/drivers/delay.o
 .debug_aranges
                0x00000230       0x40 ../src/drivers/gpio.o
 .debug_aranges
                0x00000270       0x38 ../src/drivers/led.o
 .debug_aranges
                0x000002a8       0x60 ../src/drivers/usart.o
 .debug_aranges
                0x00000308       0x20 c:/program files (x86)/atmel/studio/7.0/toolchain/avr32/avr32-gnu-toolchain/bin/../lib/gcc/avr32/4.4.7/../../../../avr32/lib/ucr2\libc.a(lib_a-calloc.o)
 .debug_aranges
                0x00000328       0x20 c:/program files (x86)/atmel/studio/7.0/toolchain/avr32/avr32-gnu-toolchain/bin/../lib/gcc/avr32/4.4.7/../../../../avr32/lib/ucr2\libc.a(lib_a-callocr.o)
 .debug_aranges
                0x00000348       0x20 c:/program files (x86)/atmel/studio/7.0/toolchain/avr32/avr32-gnu-toolchain/bin/../lib/gcc/avr32/4.4.7/../../../../avr32/lib/ucr2\libc.a(lib_a-mallocr.o)
 .debug_aranges
                0x00000368       0x20 c:/program files (x86)/atmel/studio/7.0/toolchain/avr32/avr32-gnu-toolchain/bin/../lib/gcc/avr32/4.4.7/../../../../avr32/lib/ucr2\libc.a(lib_a-memset.o)
 .debug_aranges
                0x00000388       0x28 c:/program files (x86)/atmel/studio/7.0/toolchain/avr32/avr32-gnu-toolchain/bin/../lib/gcc/avr32/4.4.7/../../../../avr32/lib/ucr2\libc.a(lib_a-mlock.o)
 .debug_aranges
                0x000003b0       0x20 c:/program files (x86)/atmel/studio/7.0/toolchain/avr32/avr32-gnu-toolchain/bin/../lib/gcc/avr32/4.4.7/../../../../avr32/lib/ucr2\libc.a(lib_a-sbrkr.o)
 .debug_aranges
                0x000003d0       0xf8 c:/program files (x86)/atmel/studio/7.0/toolchain/avr32/avr32-gnu-toolchain/bin/../lib/gcc/avr32/4.4.7/../../../../avr32/lib/ucr2\libc.a(lib_a-syscalls.o)
 .debug_aranges
                0x000004c8       0x20 c:/program files (x86)/atmel/studio/7.0/toolchain/avr32/avr32-gnu-toolchain/bin/../lib/gcc/avr32/4.4.7/../../../../avr32/lib/ucr2\libc.a(lib_a-errno.o)
 .debug_aranges
                0x000004e8       0x80 c:/program files (x86)/atmel/studio/7.0/toolchain/avr32/avr32-gnu-toolchain/bin/../lib/gcc/avr32/4.4.7/../../../../avr32/lib/ucr2\libc.a(lib_a-findfp.o)
 .debug_aranges
                0x00000568       0x28 c:/program files (x86)/atmel/studio/7.0/toolchain/avr32/avr32-gnu-toolchain/bin/../lib/gcc/avr32/4.4.7/../../../../avr32/lib/ucr2\libc.a(lib_a-freer.o)
 .debug_aranges
                0x00000590       0x30 c:/program files (x86)/atmel/studio/7.0/toolchain/avr32/avr32-gnu-toolchain/bin/../lib/gcc/avr32/4.4.7/../../../../avr32/lib/ucr2\libc.a(lib_a-reent.o)

.debug_pubnames
                0x00000000      0xa45
 *(.debug_pubnames)
 .debug_pubnames
                0x00000000       0x9d src/kernel/doubly_linked_list.o
 .debug_pubnames
                0x0000009d       0xbb src/kernel/semaphore.o
 .debug_pubnames
                0x00000158       0x3d src/main.o
 .debug_pubnames
                0x00000195       0x58 src/kernel/rosa_int.o
 .debug_pubnames
                0x000001ed       0xca src/kernel/rosa_ker.o
 .debug_pubnames
                0x000002b7       0x50 src/kernel/rosa_scheduler.o
 .debug_pubnames
                0x00000307       0x56 src/kernel/rosa_tim.o
 .debug_pubnames
                0x0000035d       0xa0 ../src/drivers/button.o
 .debug_pubnames
                0x000003fd       0x1f ../src/drivers/delay.o
 .debug_pubnames
                0x0000041c       0x54 ../src/drivers/gpio.o
 .debug_pubnames
                0x00000470       0x41 ../src/drivers/led.o
 .debug_pubnames
                0x000004b1       0xb2 ../src/drivers/usart.o
 .debug_pubnames
                0x00000563       0x1d c:/program files (x86)/atmel/studio/7.0/toolchain/avr32/avr32-gnu-toolchain/bin/../lib/gcc/avr32/4.4.7/../../../../avr32/lib/ucr2\libc.a(lib_a-calloc.o)
 .debug_pubnames
                0x00000580       0x20 c:/program files (x86)/atmel/studio/7.0/toolchain/avr32/avr32-gnu-toolchain/bin/../lib/gcc/avr32/4.4.7/../../../../avr32/lib/ucr2\libc.a(lib_a-callocr.o)
 .debug_pubnames
                0x000005a0       0x39 c:/program files (x86)/atmel/studio/7.0/toolchain/avr32/avr32-gnu-toolchain/bin/../lib/gcc/avr32/4.4.7/../../../../avr32/lib/ucr2\libc.a(lib_a-impure.o)
 .debug_pubnames
                0x000005d9       0xce c:/program files (x86)/atmel/studio/7.0/toolchain/avr32/avr32-gnu-toolchain/bin/../lib/gcc/avr32/4.4.7/../../../../avr32/lib/ucr2\libc.a(lib_a-mallocr.o)
 .debug_pubnames
                0x000006a7       0x1d c:/program files (x86)/atmel/studio/7.0/toolchain/avr32/avr32-gnu-toolchain/bin/../lib/gcc/avr32/4.4.7/../../../../avr32/lib/ucr2\libc.a(lib_a-memset.o)
 .debug_pubnames
                0x000006c4       0x38 c:/program files (x86)/atmel/studio/7.0/toolchain/avr32/avr32-gnu-toolchain/bin/../lib/gcc/avr32/4.4.7/../../../../avr32/lib/ucr2\libc.a(lib_a-mlock.o)
 .debug_pubnames
                0x000006fc       0x1e c:/program files (x86)/atmel/studio/7.0/toolchain/avr32/avr32-gnu-toolchain/bin/../lib/gcc/avr32/4.4.7/../../../../avr32/lib/ucr2\libc.a(lib_a-sbrkr.o)
 .debug_pubnames
                0x0000071a      0x171 c:/program files (x86)/atmel/studio/7.0/toolchain/avr32/avr32-gnu-toolchain/bin/../lib/gcc/avr32/4.4.7/../../../../avr32/lib/ucr2\libc.a(lib_a-syscalls.o)
 .debug_pubnames
                0x0000088b       0x1e c:/program files (x86)/atmel/studio/7.0/toolchain/avr32/avr32-gnu-toolchain/bin/../lib/gcc/avr32/4.4.7/../../../../avr32/lib/ucr2\libc.a(lib_a-errno.o)
 .debug_pubnames
                0x000008a9      0x119 c:/program files (x86)/atmel/studio/7.0/toolchain/avr32/avr32-gnu-toolchain/bin/../lib/gcc/avr32/4.4.7/../../../../avr32/lib/ucr2\libc.a(lib_a-findfp.o)
 .debug_pubnames
                0x000009c2       0x31 c:/program files (x86)/atmel/studio/7.0/toolchain/avr32/avr32-gnu-toolchain/bin/../lib/gcc/avr32/4.4.7/../../../../avr32/lib/ucr2\libc.a(lib_a-freer.o)
 .debug_pubnames
                0x000009f3       0x52 c:/program files (x86)/atmel/studio/7.0/toolchain/avr32/avr32-gnu-toolchain/bin/../lib/gcc/avr32/4.4.7/../../../../avr32/lib/ucr2\libc.a(lib_a-reent.o)

.debug_info     0x00000000     0xbfcf
 *(.debug_info .gnu.linkonce.wi.*)
 .debug_info    0x00000000      0x442 src/kernel/doubly_linked_list.o
 .debug_info    0x00000442      0x445 src/kernel/semaphore.o
 .debug_info    0x00000887      0x2d8 src/main.o
 .debug_info    0x00000b5f      0x246 src/kernel/rosa_int.o
 .debug_info    0x00000da5       0x7f src/kernel/rosa_int_asm.o
 .debug_info    0x00000e24     0x15ce src/kernel/rosa_ker.o
 .debug_info    0x000023f2       0x7f src/kernel/rosa_ker_asm.o
 .debug_info    0x00002471      0x266 src/kernel/rosa_scheduler.o
 .debug_info    0x000026d7      0xaba src/kernel/rosa_tim.o
 .debug_info    0x00003191      0x114 ../src/drivers/button.o
 .debug_info    0x000032a5       0x6d ../src/drivers/delay.o
 .debug_info    0x00003312      0x531 ../src/drivers/gpio.o
 .debug_info    0x00003843       0xfb ../src/drivers/led.o
 .debug_info    0x0000393e     0x194a ../src/drivers/usart.o
 .debug_info    0x00005288      0x8ce c:/program files (x86)/atmel/studio/7.0/toolchain/avr32/avr32-gnu-toolchain/bin/../lib/gcc/avr32/4.4.7/../../../../avr32/lib/ucr2\libc.a(lib_a-calloc.o)
 .debug_info    0x00005b56      0x997 c:/program files (x86)/atmel/studio/7.0/toolchain/avr32/avr32-gnu-toolchain/bin/../lib/gcc/avr32/4.4.7/../../../../avr32/lib/ucr2\libc.a(lib_a-callocr.o)
 .debug_info    0x000064ed      0x960 c:/program files (x86)/atmel/studio/7.0/toolchain/avr32/avr32-gnu-toolchain/bin/../lib/gcc/avr32/4.4.7/../../../../avr32/lib/ucr2\libc.a(lib_a-impure.o)
 .debug_info    0x00006e4d      0xc4e c:/program files (x86)/atmel/studio/7.0/toolchain/avr32/avr32-gnu-toolchain/bin/../lib/gcc/avr32/4.4.7/../../../../avr32/lib/ucr2\libc.a(lib_a-mallocr.o)
 .debug_info    0x00007a9b       0xcd c:/program files (x86)/atmel/studio/7.0/toolchain/avr32/avr32-gnu-toolchain/bin/../lib/gcc/avr32/4.4.7/../../../../avr32/lib/ucr2\libc.a(lib_a-memset.o)
 .debug_info    0x00007b68      0x8cf c:/program files (x86)/atmel/studio/7.0/toolchain/avr32/avr32-gnu-toolchain/bin/../lib/gcc/avr32/4.4.7/../../../../avr32/lib/ucr2\libc.a(lib_a-mlock.o)
 .debug_info    0x00008437      0x8de c:/program files (x86)/atmel/studio/7.0/toolchain/avr32/avr32-gnu-toolchain/bin/../lib/gcc/avr32/4.4.7/../../../../avr32/lib/ucr2\libc.a(lib_a-sbrkr.o)
 .debug_info    0x00008d15      0x93a c:/program files (x86)/atmel/studio/7.0/toolchain/avr32/avr32-gnu-toolchain/bin/../lib/gcc/avr32/4.4.7/../../../../avr32/lib/ucr2\libc.a(lib_a-syscalls.o)
 .debug_info    0x0000964f      0x8a6 c:/program files (x86)/atmel/studio/7.0/toolchain/avr32/avr32-gnu-toolchain/bin/../lib/gcc/avr32/4.4.7/../../../../avr32/lib/ucr2\libc.a(lib_a-errno.o)
 .debug_info    0x00009ef5      0xc2a c:/program files (x86)/atmel/studio/7.0/toolchain/avr32/avr32-gnu-toolchain/bin/../lib/gcc/avr32/4.4.7/../../../../avr32/lib/ucr2\libc.a(lib_a-findfp.o)
 .debug_info    0x0000ab1f      0xb3d c:/program files (x86)/atmel/studio/7.0/toolchain/avr32/avr32-gnu-toolchain/bin/../lib/gcc/avr32/4.4.7/../../../../avr32/lib/ucr2\libc.a(lib_a-freer.o)
 .debug_info    0x0000b65c      0x973 c:/program files (x86)/atmel/studio/7.0/toolchain/avr32/avr32-gnu-toolchain/bin/../lib/gcc/avr32/4.4.7/../../../../avr32/lib/ucr2\libc.a(lib_a-reent.o)

.debug_abbrev   0x00000000     0x2014
 *(.debug_abbrev)
 .debug_abbrev  0x00000000      0x102 src/kernel/doubly_linked_list.o
 .debug_abbrev  0x00000102      0x10f src/kernel/semaphore.o
 .debug_abbrev  0x00000211      0x100 src/main.o
 .debug_abbrev  0x00000311       0xd3 src/kernel/rosa_int.o
 .debug_abbrev  0x000003e4       0x14 src/kernel/rosa_int_asm.o
 .debug_abbrev  0x000003f8      0x1d2 src/kernel/rosa_ker.o
 .debug_abbrev  0x000005ca       0x14 src/kernel/rosa_ker_asm.o
 .debug_abbrev  0x000005de       0xf5 src/kernel/rosa_scheduler.o
 .debug_abbrev  0x000006d3      0x1a2 src/kernel/rosa_tim.o
 .debug_abbrev  0x00000875       0x89 ../src/drivers/button.o
 .debug_abbrev  0x000008fe       0x5d ../src/drivers/delay.o
 .debug_abbrev  0x0000095b      0x111 ../src/drivers/gpio.o
 .debug_abbrev  0x00000a6c       0xa0 ../src/drivers/led.o
 .debug_abbrev  0x00000b0c      0x20c ../src/drivers/usart.o
 .debug_abbrev  0x00000d18      0x170 c:/program files (x86)/atmel/studio/7.0/toolchain/avr32/avr32-gnu-toolchain/bin/../lib/gcc/avr32/4.4.7/../../../../avr32/lib/ucr2\libc.a(lib_a-calloc.o)
 .debug_abbrev  0x00000e88      0x193 c:/program files (x86)/atmel/studio/7.0/toolchain/avr32/avr32-gnu-toolchain/bin/../lib/gcc/avr32/4.4.7/../../../../avr32/lib/ucr2\libc.a(lib_a-callocr.o)
 .debug_abbrev  0x0000101b      0x160 c:/program files (x86)/atmel/studio/7.0/toolchain/avr32/avr32-gnu-toolchain/bin/../lib/gcc/avr32/4.4.7/../../../../avr32/lib/ucr2\libc.a(lib_a-impure.o)
 .debug_abbrev  0x0000117b      0x205 c:/program files (x86)/atmel/studio/7.0/toolchain/avr32/avr32-gnu-toolchain/bin/../lib/gcc/avr32/4.4.7/../../../../avr32/lib/ucr2\libc.a(lib_a-mallocr.o)
 .debug_abbrev  0x00001380       0x85 c:/program files (x86)/atmel/studio/7.0/toolchain/avr32/avr32-gnu-toolchain/bin/../lib/gcc/avr32/4.4.7/../../../../avr32/lib/ucr2\libc.a(lib_a-memset.o)
 .debug_abbrev  0x00001405      0x15b c:/program files (x86)/atmel/studio/7.0/toolchain/avr32/avr32-gnu-toolchain/bin/../lib/gcc/avr32/4.4.7/../../../../avr32/lib/ucr2\libc.a(lib_a-mlock.o)
 .debug_abbrev  0x00001560      0x17f c:/program files (x86)/atmel/studio/7.0/toolchain/avr32/avr32-gnu-toolchain/bin/../lib/gcc/avr32/4.4.7/../../../../avr32/lib/ucr2\libc.a(lib_a-sbrkr.o)
 .debug_abbrev  0x000016df      0x19a c:/program files (x86)/atmel/studio/7.0/toolchain/avr32/avr32-gnu-toolchain/bin/../lib/gcc/avr32/4.4.7/../../../../avr32/lib/ucr2\libc.a(lib_a-syscalls.o)
 .debug_abbrev  0x00001879      0x150 c:/program files (x86)/atmel/studio/7.0/toolchain/avr32/avr32-gnu-toolchain/bin/../lib/gcc/avr32/4.4.7/../../../../avr32/lib/ucr2\libc.a(lib_a-errno.o)
 .debug_abbrev  0x000019c9      0x28c c:/program files (x86)/atmel/studio/7.0/toolchain/avr32/avr32-gnu-toolchain/bin/../lib/gcc/avr32/4.4.7/../../../../avr32/lib/ucr2\libc.a(lib_a-findfp.o)
 .debug_abbrev  0x00001c55      0x1d9 c:/program files (x86)/atmel/studio/7.0/toolchain/avr32/avr32-gnu-toolchain/bin/../lib/gcc/avr32/4.4.7/../../../../avr32/lib/ucr2\libc.a(lib_a-freer.o)
 .debug_abbrev  0x00001e2e      0x1e6 c:/program files (x86)/atmel/studio/7.0/toolchain/avr32/avr32-gnu-toolchain/bin/../lib/gcc/avr32/4.4.7/../../../../avr32/lib/ucr2\libc.a(lib_a-reent.o)

.debug_line     0x00000000     0x4f54
 *(.debug_line)
 .debug_line    0x00000000      0x61f src/kernel/doubly_linked_list.o
 .debug_line    0x0000061f      0x65f src/kernel/semaphore.o
 .debug_line    0x00000c7e      0x36d src/main.o
 .debug_line    0x00000feb      0x5a0 src/kernel/rosa_int.o
 .debug_line    0x0000158b       0xc9 src/kernel/rosa_int_asm.o
 .debug_line    0x00001654      0x699 src/kernel/rosa_ker.o
 .debug_line    0x00001ced       0xab src/kernel/rosa_ker_asm.o
 .debug_line    0x00001d98      0x59b src/kernel/rosa_scheduler.o
 .debug_line    0x00002333      0x350 src/kernel/rosa_tim.o
 .debug_line    0x00002683       0xc9 ../src/drivers/button.o
 .debug_line    0x0000274c       0x47 ../src/drivers/delay.o
 .debug_line    0x00002793       0xee ../src/drivers/gpio.o
 .debug_line    0x00002881       0x84 ../src/drivers/led.o
 .debug_line    0x00002905      0x201 ../src/drivers/usart.o
 .debug_line    0x00002b06      0x237 c:/program files (x86)/atmel/studio/7.0/toolchain/avr32/avr32-gnu-toolchain/bin/../lib/gcc/avr32/4.4.7/../../../../avr32/lib/ucr2\libc.a(lib_a-calloc.o)
 .debug_line    0x00002d3d      0x1d3 c:/program files (x86)/atmel/studio/7.0/toolchain/avr32/avr32-gnu-toolchain/bin/../lib/gcc/avr32/4.4.7/../../../../avr32/lib/ucr2\libc.a(lib_a-callocr.o)
 .debug_line    0x00002f10      0x1a8 c:/program files (x86)/atmel/studio/7.0/toolchain/avr32/avr32-gnu-toolchain/bin/../lib/gcc/avr32/4.4.7/../../../../avr32/lib/ucr2\libc.a(lib_a-impure.o)
 .debug_line    0x000030b8      0x571 c:/program files (x86)/atmel/studio/7.0/toolchain/avr32/avr32-gnu-toolchain/bin/../lib/gcc/avr32/4.4.7/../../../../avr32/lib/ucr2\libc.a(lib_a-mallocr.o)
 .debug_line    0x00003629      0x1be c:/program files (x86)/atmel/studio/7.0/toolchain/avr32/avr32-gnu-toolchain/bin/../lib/gcc/avr32/4.4.7/../../../../avr32/lib/ucr2\libc.a(lib_a-memset.o)
 .debug_line    0x000037e7      0x1d4 c:/program files (x86)/atmel/studio/7.0/toolchain/avr32/avr32-gnu-toolchain/bin/../lib/gcc/avr32/4.4.7/../../../../avr32/lib/ucr2\libc.a(lib_a-mlock.o)
 .debug_line    0x000039bb      0x258 c:/program files (x86)/atmel/studio/7.0/toolchain/avr32/avr32-gnu-toolchain/bin/../lib/gcc/avr32/4.4.7/../../../../avr32/lib/ucr2\libc.a(lib_a-sbrkr.o)
 .debug_line    0x00003c13      0x58e c:/program files (x86)/atmel/studio/7.0/toolchain/avr32/avr32-gnu-toolchain/bin/../lib/gcc/avr32/4.4.7/../../../../avr32/lib/ucr2\libc.a(lib_a-syscalls.o)
 .debug_line    0x000041a1      0x1ce c:/program files (x86)/atmel/studio/7.0/toolchain/avr32/avr32-gnu-toolchain/bin/../lib/gcc/avr32/4.4.7/../../../../avr32/lib/ucr2\libc.a(lib_a-errno.o)
 .debug_line    0x0000436f      0x5ad c:/program files (x86)/atmel/studio/7.0/toolchain/avr32/avr32-gnu-toolchain/bin/../lib/gcc/avr32/4.4.7/../../../../avr32/lib/ucr2\libc.a(lib_a-findfp.o)
 .debug_line    0x0000491c      0x34c c:/program files (x86)/atmel/studio/7.0/toolchain/avr32/avr32-gnu-toolchain/bin/../lib/gcc/avr32/4.4.7/../../../../avr32/lib/ucr2\libc.a(lib_a-freer.o)
 .debug_line    0x00004c68      0x2ec c:/program files (x86)/atmel/studio/7.0/toolchain/avr32/avr32-gnu-toolchain/bin/../lib/gcc/avr32/4.4.7/../../../../avr32/lib/ucr2\libc.a(lib_a-reent.o)

.debug_frame    0x00000000      0xc24
 *(.debug_frame)
 .debug_frame   0x00000000       0xdc src/kernel/doubly_linked_list.o
 .debug_frame   0x000000dc       0xa4 src/kernel/semaphore.o
 .debug_frame   0x00000180       0x64 src/main.o
 .debug_frame   0x000001e4       0x2c src/kernel/rosa_int.o
 .debug_frame   0x00000210       0xc4 src/kernel/rosa_ker.o
 .debug_frame   0x000002d4       0x34 src/kernel/rosa_scheduler.o
 .debug_frame   0x00000308       0x64 src/kernel/rosa_tim.o
 .debug_frame   0x0000036c       0xf0 ../src/drivers/button.o
 .debug_frame   0x0000045c       0x2c ../src/drivers/delay.o
 .debug_frame   0x00000488       0x9c ../src/drivers/gpio.o
 .debug_frame   0x00000524       0x80 ../src/drivers/led.o
 .debug_frame   0x000005a4      0x10c ../src/drivers/usart.o
 .debug_frame   0x000006b0       0x28 c:/program files (x86)/atmel/studio/7.0/toolchain/avr32/avr32-gnu-toolchain/bin/../lib/gcc/avr32/4.4.7/../../../../avr32/lib/ucr2\libc.a(lib_a-calloc.o)
 .debug_frame   0x000006d8       0x34 c:/program files (x86)/atmel/studio/7.0/toolchain/avr32/avr32-gnu-toolchain/bin/../lib/gcc/avr32/4.4.7/../../../../avr32/lib/ucr2\libc.a(lib_a-callocr.o)
 .debug_frame   0x0000070c       0x40 c:/program files (x86)/atmel/studio/7.0/toolchain/avr32/avr32-gnu-toolchain/bin/../lib/gcc/avr32/4.4.7/../../../../avr32/lib/ucr2\libc.a(lib_a-mallocr.o)
 .debug_frame   0x0000074c       0x20 c:/program files (x86)/atmel/studio/7.0/toolchain/avr32/avr32-gnu-toolchain/bin/../lib/gcc/avr32/4.4.7/../../../../avr32/lib/ucr2\libc.a(lib_a-memset.o)
 .debug_frame   0x0000076c       0x30 c:/program files (x86)/atmel/studio/7.0/toolchain/avr32/avr32-gnu-toolchain/bin/../lib/gcc/avr32/4.4.7/../../../../avr32/lib/ucr2\libc.a(lib_a-mlock.o)
 .debug_frame   0x0000079c       0x34 c:/program files (x86)/atmel/studio/7.0/toolchain/avr32/avr32-gnu-toolchain/bin/../lib/gcc/avr32/4.4.7/../../../../avr32/lib/ucr2\libc.a(lib_a-sbrkr.o)
 .debug_frame   0x000007d0      0x220 c:/program files (x86)/atmel/studio/7.0/toolchain/avr32/avr32-gnu-toolchain/bin/../lib/gcc/avr32/4.4.7/../../../../avr32/lib/ucr2\libc.a(lib_a-syscalls.o)
 .debug_frame   0x000009f0       0x20 c:/program files (x86)/atmel/studio/7.0/toolchain/avr32/avr32-gnu-toolchain/bin/../lib/gcc/avr32/4.4.7/../../../../avr32/lib/ucr2\libc.a(lib_a-errno.o)
 .debug_frame   0x00000a10      0x13c c:/program files (x86)/atmel/studio/7.0/toolchain/avr32/avr32-gnu-toolchain/bin/../lib/gcc/avr32/4.4.7/../../../../avr32/lib/ucr2\libc.a(lib_a-findfp.o)
 .debug_frame   0x00000b4c       0x58 c:/program files (x86)/atmel/studio/7.0/toolchain/avr32/avr32-gnu-toolchain/bin/../lib/gcc/avr32/4.4.7/../../../../avr32/lib/ucr2\libc.a(lib_a-freer.o)
 .debug_frame   0x00000ba4       0x80 c:/program files (x86)/atmel/studio/7.0/toolchain/avr32/avr32-gnu-toolchain/bin/../lib/gcc/avr32/4.4.7/../../../../avr32/lib/ucr2\libc.a(lib_a-reent.o)

.debug_str      0x00000000     0x1c87
 *(.debug_str)
 .debug_str     0x00000000      0x239 src/kernel/doubly_linked_list.o
                                0x2a2 (size before relaxing)
 .debug_str     0x00000239      0x107 src/kernel/semaphore.o
                                0x2b5 (size before relaxing)
 .debug_str     0x00000340       0x91 src/main.o
                                0x212 (size before relaxing)
 .debug_str     0x000003d1       0x2b src/kernel/rosa_int.o
                                0x1dc (size before relaxing)
 .debug_str     0x000003fc      0x472 src/kernel/rosa_ker.o
                                0x6a6 (size before relaxing)
 .debug_str     0x0000086e       0x29 src/kernel/rosa_scheduler.o
                                0x1ec (size before relaxing)
 .debug_str     0x00000897      0x253 src/kernel/rosa_tim.o
                                0x348 (size before relaxing)
 .debug_str     0x00000aea       0xa7 ../src/drivers/button.o
                                 0xc6 (size before relaxing)
 .debug_str     0x00000b91       0x31 ../src/drivers/delay.o
                                 0x74 (size before relaxing)
 .debug_str     0x00000bc2      0x16e ../src/drivers/gpio.o
                                0x1c0 (size before relaxing)
 .debug_str     0x00000d30       0x3c ../src/drivers/led.o
                                 0x7f (size before relaxing)
 .debug_str     0x00000d6c       0xd6 ../src/drivers/usart.o
                                0x6e9 (size before relaxing)
 .debug_str     0x00000e42      0x3c0 c:/program files (x86)/atmel/studio/7.0/toolchain/avr32/avr32-gnu-toolchain/bin/../lib/gcc/avr32/4.4.7/../../../../avr32/lib/ucr2\libc.a(lib_a-calloc.o)
                                0x4b8 (size before relaxing)
 .debug_str     0x00001202       0xb3 c:/program files (x86)/atmel/studio/7.0/toolchain/avr32/avr32-gnu-toolchain/bin/../lib/gcc/avr32/4.4.7/../../../../avr32/lib/ucr2\libc.a(lib_a-callocr.o)
                                0x4ea (size before relaxing)
 .debug_str     0x000012b5       0xcb c:/program files (x86)/atmel/studio/7.0/toolchain/avr32/avr32-gnu-toolchain/bin/../lib/gcc/avr32/4.4.7/../../../../avr32/lib/ucr2\libc.a(lib_a-impure.o)
                                0x502 (size before relaxing)
 .debug_str     0x00001380      0x1a7 c:/program files (x86)/atmel/studio/7.0/toolchain/avr32/avr32-gnu-toolchain/bin/../lib/gcc/avr32/4.4.7/../../../../avr32/lib/ucr2\libc.a(lib_a-mallocr.o)
                                0x699 (size before relaxing)
 .debug_str     0x00001527       0x75 c:/program files (x86)/atmel/studio/7.0/toolchain/avr32/avr32-gnu-toolchain/bin/../lib/gcc/avr32/4.4.7/../../../../avr32/lib/ucr2\libc.a(lib_a-memset.o)
                                0x111 (size before relaxing)
 .debug_str     0x0000159c       0xa0 c:/program files (x86)/atmel/studio/7.0/toolchain/avr32/avr32-gnu-toolchain/bin/../lib/gcc/avr32/4.4.7/../../../../avr32/lib/ucr2\libc.a(lib_a-mlock.o)
                                0x4cb (size before relaxing)
 .debug_str     0x0000163c       0x83 c:/program files (x86)/atmel/studio/7.0/toolchain/avr32/avr32-gnu-toolchain/bin/../lib/gcc/avr32/4.4.7/../../../../avr32/lib/ucr2\libc.a(lib_a-sbrkr.o)
                                0x4b4 (size before relaxing)
 .debug_str     0x000016bf      0x33d c:/program files (x86)/atmel/studio/7.0/toolchain/avr32/avr32-gnu-toolchain/bin/../lib/gcc/avr32/4.4.7/../../../../avr32/lib/ucr2\libc.a(lib_a-syscalls.o)
                                0x43d (size before relaxing)
 .debug_str     0x000019fc       0x74 c:/program files (x86)/atmel/studio/7.0/toolchain/avr32/avr32-gnu-toolchain/bin/../lib/gcc/avr32/4.4.7/../../../../avr32/lib/ucr2\libc.a(lib_a-errno.o)
                                0x4ab (size before relaxing)
 .debug_str     0x00001a70      0x135 c:/program files (x86)/atmel/studio/7.0/toolchain/avr32/avr32-gnu-toolchain/bin/../lib/gcc/avr32/4.4.7/../../../../avr32/lib/ucr2\libc.a(lib_a-findfp.o)
                                0x5dc (size before relaxing)
 .debug_str     0x00001ba5       0x3c c:/program files (x86)/atmel/studio/7.0/toolchain/avr32/avr32-gnu-toolchain/bin/../lib/gcc/avr32/4.4.7/../../../../avr32/lib/ucr2\libc.a(lib_a-freer.o)
                                0x5eb (size before relaxing)
 .debug_str     0x00001be1       0xa6 c:/program files (x86)/atmel/studio/7.0/toolchain/avr32/avr32-gnu-toolchain/bin/../lib/gcc/avr32/4.4.7/../../../../avr32/lib/ucr2\libc.a(lib_a-reent.o)
                                0x4e8 (size before relaxing)

.debug_loc      0x00000000     0x1886
 *(.debug_loc)
 .debug_loc     0x00000000      0x12d src/kernel/doubly_linked_list.o
 .debug_loc     0x0000012d       0xd7 src/kernel/semaphore.o
 .debug_loc     0x00000204       0x81 src/main.o
 .debug_loc     0x00000285       0x2b src/kernel/rosa_int.o
 .debug_loc     0x000002b0      0x102 src/kernel/rosa_ker.o
 .debug_loc     0x000003b2       0x2b src/kernel/rosa_scheduler.o
 .debug_loc     0x000003dd       0x81 src/kernel/rosa_tim.o
 .debug_loc     0x0000045e      0x158 ../src/drivers/button.o
 .debug_loc     0x000005b6       0x2b ../src/drivers/delay.o
 .debug_loc     0x000005e1       0xd7 ../src/drivers/gpio.o
 .debug_loc     0x000006b8       0xac ../src/drivers/led.o
 .debug_loc     0x00000764      0x183 ../src/drivers/usart.o
 .debug_loc     0x000008e7       0x45 c:/program files (x86)/atmel/studio/7.0/toolchain/avr32/avr32-gnu-toolchain/bin/../lib/gcc/avr32/4.4.7/../../../../avr32/lib/ucr2\libc.a(lib_a-calloc.o)
 .debug_loc     0x0000092c       0xbd c:/program files (x86)/atmel/studio/7.0/toolchain/avr32/avr32-gnu-toolchain/bin/../lib/gcc/avr32/4.4.7/../../../../avr32/lib/ucr2\libc.a(lib_a-callocr.o)
 .debug_loc     0x000009e9      0x59a c:/program files (x86)/atmel/studio/7.0/toolchain/avr32/avr32-gnu-toolchain/bin/../lib/gcc/avr32/4.4.7/../../../../avr32/lib/ucr2\libc.a(lib_a-mallocr.o)
 .debug_loc     0x00000f83       0x63 c:/program files (x86)/atmel/studio/7.0/toolchain/avr32/avr32-gnu-toolchain/bin/../lib/gcc/avr32/4.4.7/../../../../avr32/lib/ucr2\libc.a(lib_a-sbrkr.o)
 .debug_loc     0x00000fe6      0x268 c:/program files (x86)/atmel/studio/7.0/toolchain/avr32/avr32-gnu-toolchain/bin/../lib/gcc/avr32/4.4.7/../../../../avr32/lib/ucr2\libc.a(lib_a-syscalls.o)
 .debug_loc     0x0000124e      0x202 c:/program files (x86)/atmel/studio/7.0/toolchain/avr32/avr32-gnu-toolchain/bin/../lib/gcc/avr32/4.4.7/../../../../avr32/lib/ucr2\libc.a(lib_a-findfp.o)
 .debug_loc     0x00001450      0x32c c:/program files (x86)/atmel/studio/7.0/toolchain/avr32/avr32-gnu-toolchain/bin/../lib/gcc/avr32/4.4.7/../../../../avr32/lib/ucr2\libc.a(lib_a-freer.o)
 .debug_loc     0x0000177c      0x10a c:/program files (x86)/atmel/studio/7.0/toolchain/avr32/avr32-gnu-toolchain/bin/../lib/gcc/avr32/4.4.7/../../../../avr32/lib/ucr2\libc.a(lib_a-reent.o)

.debug_macinfo  0x00000000   0x61a8c8
 *(.debug_macinfo)
 .debug_macinfo
                0x00000000    0xdfd76 src/kernel/doubly_linked_list.o
 .debug_macinfo
                0x000dfd76    0xdff48 src/kernel/semaphore.o
 .debug_macinfo
                0x001bfcbe    0xdd7ec src/main.o
 .debug_macinfo
                0x0029d4aa    0xdfdec src/kernel/rosa_int.o
 .debug_macinfo
                0x0037d296    0xe042c src/kernel/rosa_ker.o
 .debug_macinfo
                0x0045d6c2    0xdfddc src/kernel/rosa_scheduler.o
 .debug_macinfo
                0x0053d49e    0xdd42a src/kernel/rosa_tim.o

.debug_weaknames
 *(.debug_weaknames)

.debug_funcnames
 *(.debug_funcnames)

.debug_typenames
 *(.debug_typenames)

.debug_varnames
 *(.debug_varnames)

.appstack       0x0000e000     0x1000
                0x0000e000                _appstack = .
 *(.appstack)
                0x00001000                . = __appstack_size__
 *fill*         0x0000e000     0x1000 
                0x0000f000                _eappstack = .

.stack          0x0000f000     0x1000
                0x0000f000                _stack = .
 *(.stack)
                0x00001000                . = __stack_size__
 *fill*         0x0000f000     0x1000 
                0x00010000                _estack = .

.userpage
 *(.userpage .userpage.*)

/DISCARD/
 *(.note.GNU-stack)
OUTPUT(ROSA.elf elf32-avr32)

.debug_ranges   0x00000000      0x500
 .debug_ranges  0x00000000       0x48 src/kernel/doubly_linked_list.o
 .debug_ranges  0x00000048       0x38 src/kernel/semaphore.o
 .debug_ranges  0x00000080       0x28 src/main.o
 .debug_ranges  0x000000a8       0x18 src/kernel/rosa_int.o
 .debug_ranges  0x000000c0       0x40 src/kernel/rosa_ker.o
 .debug_ranges  0x00000100       0x18 src/kernel/rosa_scheduler.o
 .debug_ranges  0x00000118       0x28 src/kernel/rosa_tim.o
 .debug_ranges  0x00000140       0x50 ../src/drivers/button.o
 .debug_ranges  0x00000190       0x18 ../src/drivers/delay.o
 .debug_ranges  0x000001a8       0x38 ../src/drivers/gpio.o
 .debug_ranges  0x000001e0       0x30 ../src/drivers/led.o
 .debug_ranges  0x00000210       0x58 ../src/drivers/usart.o
 .debug_ranges  0x00000268       0x18 c:/program files (x86)/atmel/studio/7.0/toolchain/avr32/avr32-gnu-toolchain/bin/../lib/gcc/avr32/4.4.7/../../../../avr32/lib/ucr2\libc.a(lib_a-calloc.o)
 .debug_ranges  0x00000280       0x18 c:/program files (x86)/atmel/studio/7.0/toolchain/avr32/avr32-gnu-toolchain/bin/../lib/gcc/avr32/4.4.7/../../../../avr32/lib/ucr2\libc.a(lib_a-callocr.o)
 .debug_ranges  0x00000298       0x18 c:/program files (x86)/atmel/studio/7.0/toolchain/avr32/avr32-gnu-toolchain/bin/../lib/gcc/avr32/4.4.7/../../../../avr32/lib/ucr2\libc.a(lib_a-mallocr.o)
 .debug_ranges  0x000002b0       0x18 c:/program files (x86)/atmel/studio/7.0/toolchain/avr32/avr32-gnu-toolchain/bin/../lib/gcc/avr32/4.4.7/../../../../avr32/lib/ucr2\libc.a(lib_a-memset.o)
 .debug_ranges  0x000002c8       0x20 c:/program files (x86)/atmel/studio/7.0/toolchain/avr32/avr32-gnu-toolchain/bin/../lib/gcc/avr32/4.4.7/../../../../avr32/lib/ucr2\libc.a(lib_a-mlock.o)
 .debug_ranges  0x000002e8       0x18 c:/program files (x86)/atmel/studio/7.0/toolchain/avr32/avr32-gnu-toolchain/bin/../lib/gcc/avr32/4.4.7/../../../../avr32/lib/ucr2\libc.a(lib_a-sbrkr.o)
 .debug_ranges  0x00000300       0xf0 c:/program files (x86)/atmel/studio/7.0/toolchain/avr32/avr32-gnu-toolchain/bin/../lib/gcc/avr32/4.4.7/../../../../avr32/lib/ucr2\libc.a(lib_a-syscalls.o)
 .debug_ranges  0x000003f0       0x18 c:/program files (x86)/atmel/studio/7.0/toolchain/avr32/avr32-gnu-toolchain/bin/../lib/gcc/avr32/4.4.7/../../../../avr32/lib/ucr2\libc.a(lib_a-errno.o)
 .debug_ranges  0x00000408       0xb0 c:/program files (x86)/atmel/studio/7.0/toolchain/avr32/avr32-gnu-toolchain/bin/../lib/gcc/avr32/4.4.7/../../../../avr32/lib/ucr2\libc.a(lib_a-findfp.o)
 .debug_ranges  0x000004b8       0x20 c:/program files (x86)/atmel/studio/7.0/toolchain/avr32/avr32-gnu-toolchain/bin/../lib/gcc/avr32/4.4.7/../../../../avr32/lib/ucr2\libc.a(lib_a-freer.o)
 .debug_ranges  0x000004d8       0x28 c:/program files (x86)/atmel/studio/7.0/toolchain/avr32/avr32-gnu-toolchain/bin/../lib/gcc/avr32/4.4.7/../../../../avr32/lib/ucr2\libc.a(lib_a-reent.o)
